02-19 07:34:33 com_github_MitjaNemec_ReplicateLayout.action_replicate_layout 409:Plugin executed on: 'darwin'
02-19 07:34:33 com_github_MitjaNemec_ReplicateLayout.action_replicate_layout 410:Plugin executed with python version: '3.9.13 (v3.9.13:6de2ca5339, May 17 2022, 11:37:23) \n[Clang 13.0.0 (clang-1300.0.29.30)]'
02-19 07:34:33 com_github_MitjaNemec_ReplicateLayout.action_replicate_layout 411:KiCad build version: 9.0.5
02-19 07:34:33 com_github_MitjaNemec_ReplicateLayout.action_replicate_layout 412:Plugin version: 4.0.3
02-19 07:34:33 com_github_MitjaNemec_ReplicateLayout.action_replicate_layout 413:Frame repr: <wx._core.Frame object at 0x14deaf430>
02-19 07:34:33 com_github_MitjaNemec_ReplicateLayout.action_replicate_layout 437:Preparing replicator with RV1 as a reference
02-19 07:34:33 com_github_MitjaNemec_ReplicateLayout.replicate_layout 117:getting a list of all footprints on board
02-19 07:34:33 com_github_MitjaNemec_ReplicateLayout.action_replicate_layout 485:source anchor footprint is 'RV1'
Located on: ['/lfo/']
With filenames: ['lfo.sch.kicad_sch']
With sheet_id:['/lfo/']
02-19 07:34:33 com_github_MitjaNemec_ReplicateLayout.action_replicate_layout 492:Corresponding footprints are 
[('RV3', ['/lfo2/']), ('RV2', ['/lfo1/']), ('RV1', ['/lfo/'])]
02-19 07:34:33 com_github_MitjaNemec_ReplicateLayout.action_replicate_layout 504:Showing dialog
02-19 07:34:33 com_github_MitjaNemec_ReplicateLayout.replicate_layout 472:constructing a list of sheets suitable for replication on level:'/lfo/', file:'lfo.sch.kicad_sch'
02-19 07:34:33 com_github_MitjaNemec_ReplicateLayout.replicate_layout 509:suitable sheets are:[['/lfo1/'], ['/lfo2/']]
02-19 07:34:33 com_github_MitjaNemec_ReplicateLayout.replicate_layout 1512:Level selected: ['/lfo/']
02-19 07:34:33 com_github_MitjaNemec_ReplicateLayout.replicate_layout 1336:Filtering list of tracks
02-19 07:34:33 com_github_MitjaNemec_ReplicateLayout.action_replicate_layout 510:Toolbar position: wx.Point(5018, 87)
02-19 07:34:33 com_github_MitjaNemec_ReplicateLayout.action_replicate_layout 515:Dialog position: wx.Point(4579, 87)
02-19 07:34:35 com_github_MitjaNemec_ReplicateLayout.replicate_layout 472:constructing a list of sheets suitable for replication on level:'/lfo/', file:'lfo.sch.kicad_sch'
02-19 07:34:35 com_github_MitjaNemec_ReplicateLayout.replicate_layout 509:suitable sheets are:[['/lfo1/'], ['/lfo2/']]
02-19 07:34:35 com_github_MitjaNemec_ReplicateLayout.action_replicate_layout 248:Replicating layout
02-19 07:34:35 com_github_MitjaNemec_ReplicateLayout.replicate_layout 288:Starting replication of sheets: [['/lfo1/'], ['/lfo2/']]
on level: ['/lfo/']
with tracks=True, zone=True, text=True, text=True, intersecting=False, remove=False, locked footprints=False, group_only=False
02-19 07:34:35 root 340:updating GUI message: 'Preparing for replication'
02-19 07:34:35 root 345:updating GUI with: 0
02-19 07:34:35 com_github_MitjaNemec_ReplicateLayout.replicate_layout 358:Getting the list of source footprints
02-19 07:34:35 com_github_MitjaNemec_ReplicateLayout.replicate_layout 368:Getting the list of all the remaining footprints
02-19 07:34:35 com_github_MitjaNemec_ReplicateLayout.replicate_layout 375:Getting source tracks
02-19 07:34:35 com_github_MitjaNemec_ReplicateLayout.replicate_layout 1336:Filtering list of tracks
02-19 07:34:35 com_github_MitjaNemec_ReplicateLayout.replicate_layout 379:Getting source zones
02-19 07:34:35 root 345:updating GUI with: 50
02-19 07:34:35 com_github_MitjaNemec_ReplicateLayout.replicate_layout 383:Getting source text items
02-19 07:34:35 com_github_MitjaNemec_ReplicateLayout.replicate_layout 387:Getting source drawing items
02-19 07:34:35 root 340:updating GUI message: 'Replicating footprints'
02-19 07:34:35 com_github_MitjaNemec_ReplicateLayout.replicate_layout 863:Replicating footprints
02-19 07:34:35 com_github_MitjaNemec_ReplicateLayout.replicate_layout 870:Replicating footprints on sheet ['/lfo1/']
02-19 07:34:35 com_github_MitjaNemec_ReplicateLayout.replicate_layout 835:Src fp.id: '2CA89587-735A-4669-B568-645F28F29E92'
02-19 07:34:35 com_github_MitjaNemec_ReplicateLayout.replicate_layout 839:Dst fp.id: '2CA89587-735A-4669-B568-645F28F29E92'
02-19 07:34:35 com_github_MitjaNemec_ReplicateLayout.replicate_layout 888:Replicating footprint: 'RV1'
02-19 07:34:35 com_github_MitjaNemec_ReplicateLayout.replicate_layout 835:Src fp.id: '2CA89587-735A-4669-B568-645F28F29E92'
02-19 07:34:35 com_github_MitjaNemec_ReplicateLayout.replicate_layout 839:Dst fp.id: '2CA89587-735A-4669-B568-645F28F29E92'
02-19 07:34:35 com_github_MitjaNemec_ReplicateLayout.replicate_layout 895:found match in dst footprint: 'RV2'
02-19 07:34:35 com_github_MitjaNemec_ReplicateLayout.replicate_layout 990:Src text UUid:778c82fb-275f-446d-9715-f05cf59630c8
02-19 07:34:35 com_github_MitjaNemec_ReplicateLayout.replicate_layout 991:Dst text UUid:de952e99-0f16-45a6-b5b0-f6fa8ea62c87
02-19 07:34:35 com_github_MitjaNemec_ReplicateLayout.replicate_layout 990:Src text UUid:41055b15-8551-4c34-baae-0a25de079b50
02-19 07:34:35 com_github_MitjaNemec_ReplicateLayout.replicate_layout 991:Dst text UUid:e85907b3-88d2-46c8-b04d-b18ab2a16b59
02-19 07:34:35 com_github_MitjaNemec_ReplicateLayout.replicate_layout 990:Src text UUid:1590b1a7-553b-455b-aec0-453fe733071d
02-19 07:34:35 com_github_MitjaNemec_ReplicateLayout.replicate_layout 991:Dst text UUid:da122257-4521-4b04-85bd-c8fd51932754
02-19 07:34:35 com_github_MitjaNemec_ReplicateLayout.replicate_layout 888:Replicating footprint: 'R6'
02-19 07:34:35 com_github_MitjaNemec_ReplicateLayout.replicate_layout 835:Src fp.id: '20188C95-7D30-4160-9798-D28D1B762CB4'
02-19 07:34:35 com_github_MitjaNemec_ReplicateLayout.replicate_layout 839:Dst fp.id: '20188C95-7D30-4160-9798-D28D1B762CB4'
02-19 07:34:35 com_github_MitjaNemec_ReplicateLayout.replicate_layout 895:found match in dst footprint: 'R16'
02-19 07:34:35 com_github_MitjaNemec_ReplicateLayout.replicate_layout 990:Src text UUid:248b9dd4-4197-4aab-b37f-cd353a7bdb98
02-19 07:34:35 com_github_MitjaNemec_ReplicateLayout.replicate_layout 991:Dst text UUid:76de13c1-b1c7-45c9-b802-4894b338e983
02-19 07:34:35 com_github_MitjaNemec_ReplicateLayout.replicate_layout 990:Src text UUid:6392789f-2f53-4116-907c-2a5044b1ec40
02-19 07:34:35 com_github_MitjaNemec_ReplicateLayout.replicate_layout 991:Dst text UUid:08e9ba4a-f659-446d-a20b-c95bf4c00ba1
02-19 07:34:35 com_github_MitjaNemec_ReplicateLayout.replicate_layout 990:Src text UUid:1592c09c-42a3-4911-ba7a-6189a9ccaf91
02-19 07:34:35 com_github_MitjaNemec_ReplicateLayout.replicate_layout 991:Dst text UUid:0d968eda-3ba5-452f-80d8-aba292ec998c
02-19 07:34:35 com_github_MitjaNemec_ReplicateLayout.replicate_layout 888:Replicating footprint: 'C4'
02-19 07:34:35 com_github_MitjaNemec_ReplicateLayout.replicate_layout 835:Src fp.id: 'E253769D-3BD7-4445-9D91-BFE48FD751C3'
02-19 07:34:35 com_github_MitjaNemec_ReplicateLayout.replicate_layout 839:Dst fp.id: 'E253769D-3BD7-4445-9D91-BFE48FD751C3'
02-19 07:34:35 com_github_MitjaNemec_ReplicateLayout.replicate_layout 895:found match in dst footprint: 'C10'
02-19 07:34:35 com_github_MitjaNemec_ReplicateLayout.replicate_layout 990:Src text UUid:925d9535-b2ab-4006-9cfa-8e9021fad675
02-19 07:34:35 com_github_MitjaNemec_ReplicateLayout.replicate_layout 991:Dst text UUid:7376e13e-8540-4737-ab1e-510fcd11a3b2
02-19 07:34:35 com_github_MitjaNemec_ReplicateLayout.replicate_layout 990:Src text UUid:816c2a4c-6927-4336-b591-97b51f5cf085
02-19 07:34:35 com_github_MitjaNemec_ReplicateLayout.replicate_layout 991:Dst text UUid:d3629508-f8c0-4fc8-8a54-4b4b2a17e7b6
02-19 07:34:35 com_github_MitjaNemec_ReplicateLayout.replicate_layout 990:Src text UUid:ed3ded3b-75dc-4fb3-bda3-a523ea09bc80
02-19 07:34:35 com_github_MitjaNemec_ReplicateLayout.replicate_layout 991:Dst text UUid:5a65b227-99da-4768-8f1a-84410bbce8e7
02-19 07:34:35 com_github_MitjaNemec_ReplicateLayout.replicate_layout 990:Src text UUid:9521c6be-5873-478e-8ae4-c6d9f2529d4c
02-19 07:34:35 com_github_MitjaNemec_ReplicateLayout.replicate_layout 991:Dst text UUid:0cebc806-631e-46d4-b5df-eefd7f9c879c
02-19 07:34:35 com_github_MitjaNemec_ReplicateLayout.replicate_layout 888:Replicating footprint: 'C3'
02-19 07:34:35 com_github_MitjaNemec_ReplicateLayout.replicate_layout 835:Src fp.id: '52F922DE-5BE8-4E6F-B7FA-3A6EA3196A43'
02-19 07:34:35 com_github_MitjaNemec_ReplicateLayout.replicate_layout 839:Dst fp.id: '52F922DE-5BE8-4E6F-B7FA-3A6EA3196A43'
02-19 07:34:35 com_github_MitjaNemec_ReplicateLayout.replicate_layout 895:found match in dst footprint: 'C9'
02-19 07:34:35 com_github_MitjaNemec_ReplicateLayout.replicate_layout 990:Src text UUid:5fa5d0e6-dfba-452c-9899-5f50c442cf5d
02-19 07:34:35 com_github_MitjaNemec_ReplicateLayout.replicate_layout 991:Dst text UUid:b3d81c71-4eec-4d34-8efa-298b5b2b113d
02-19 07:34:35 com_github_MitjaNemec_ReplicateLayout.replicate_layout 990:Src text UUid:f6e523b0-7f42-4e6b-a603-0ac54a9a7b39
02-19 07:34:35 com_github_MitjaNemec_ReplicateLayout.replicate_layout 991:Dst text UUid:9515063b-2e91-4f83-a162-e69b0b129293
02-19 07:34:35 com_github_MitjaNemec_ReplicateLayout.replicate_layout 990:Src text UUid:f7644218-12b4-43ee-a000-4d382f4746c7
02-19 07:34:35 com_github_MitjaNemec_ReplicateLayout.replicate_layout 991:Dst text UUid:69360e11-40a9-4498-add0-b36e09373200
02-19 07:34:35 com_github_MitjaNemec_ReplicateLayout.replicate_layout 990:Src text UUid:aa82194f-f101-4a45-927e-0eaabfb3b7db
02-19 07:34:35 com_github_MitjaNemec_ReplicateLayout.replicate_layout 991:Dst text UUid:8e402db9-e93a-49e6-8fd4-4400f215d8ab
02-19 07:34:35 com_github_MitjaNemec_ReplicateLayout.replicate_layout 888:Replicating footprint: 'U1'
02-19 07:34:35 com_github_MitjaNemec_ReplicateLayout.replicate_layout 835:Src fp.id: 'BD13650E-9F9F-48AA-8353-89FBDB22085F'
02-19 07:34:35 com_github_MitjaNemec_ReplicateLayout.replicate_layout 839:Dst fp.id: 'BD13650E-9F9F-48AA-8353-89FBDB22085F'
02-19 07:34:35 com_github_MitjaNemec_ReplicateLayout.replicate_layout 895:found match in dst footprint: 'U2'
02-19 07:34:35 com_github_MitjaNemec_ReplicateLayout.replicate_layout 990:Src text UUid:528403c6-c932-48d7-bf5f-eea369d5b705
02-19 07:34:35 com_github_MitjaNemec_ReplicateLayout.replicate_layout 991:Dst text UUid:9d927894-f6b8-45cb-8185-51b0664e849c
02-19 07:34:35 com_github_MitjaNemec_ReplicateLayout.replicate_layout 990:Src text UUid:d0303c9c-c394-4f1e-8727-8bb5ed707b7c
02-19 07:34:35 com_github_MitjaNemec_ReplicateLayout.replicate_layout 991:Dst text UUid:e3fad804-7645-4ba9-8483-f66af6184871
02-19 07:34:35 com_github_MitjaNemec_ReplicateLayout.replicate_layout 990:Src text UUid:95bb7afa-463e-44e9-b221-73e354a8ce0f
02-19 07:34:35 com_github_MitjaNemec_ReplicateLayout.replicate_layout 991:Dst text UUid:e8cbeea4-84c0-42d4-8e43-b522bfce7c1b
02-19 07:34:35 com_github_MitjaNemec_ReplicateLayout.replicate_layout 888:Replicating footprint: 'R10'
02-19 07:34:35 com_github_MitjaNemec_ReplicateLayout.replicate_layout 835:Src fp.id: 'A22D0F01-61F3-497F-98B8-7EA5246EE320'
02-19 07:34:35 com_github_MitjaNemec_ReplicateLayout.replicate_layout 839:Dst fp.id: 'A22D0F01-61F3-497F-98B8-7EA5246EE320'
02-19 07:34:35 com_github_MitjaNemec_ReplicateLayout.replicate_layout 895:found match in dst footprint: 'R20'
02-19 07:34:35 com_github_MitjaNemec_ReplicateLayout.replicate_layout 990:Src text UUid:bb433da0-8f69-4697-99c7-5401a60ceeee
02-19 07:34:35 com_github_MitjaNemec_ReplicateLayout.replicate_layout 991:Dst text UUid:26f09c39-604f-47fe-a1ba-4674b979f023
02-19 07:34:35 com_github_MitjaNemec_ReplicateLayout.replicate_layout 990:Src text UUid:ffbca24d-54e8-4081-b3b4-bbc37364ec15
02-19 07:34:35 com_github_MitjaNemec_ReplicateLayout.replicate_layout 991:Dst text UUid:c51ebab8-473a-47a5-8639-64760362b18c
02-19 07:34:35 com_github_MitjaNemec_ReplicateLayout.replicate_layout 990:Src text UUid:6956f986-6423-4cf6-b21e-827e932b0969
02-19 07:34:35 com_github_MitjaNemec_ReplicateLayout.replicate_layout 991:Dst text UUid:2556daec-481a-4fd4-ba76-5c8cb7ec6065
02-19 07:34:35 com_github_MitjaNemec_ReplicateLayout.replicate_layout 888:Replicating footprint: 'R9'
02-19 07:34:35 com_github_MitjaNemec_ReplicateLayout.replicate_layout 835:Src fp.id: 'C14ECCFA-D21E-41C2-955C-809FCA53820C'
02-19 07:34:35 com_github_MitjaNemec_ReplicateLayout.replicate_layout 839:Dst fp.id: 'C14ECCFA-D21E-41C2-955C-809FCA53820C'
02-19 07:34:35 com_github_MitjaNemec_ReplicateLayout.replicate_layout 895:found match in dst footprint: 'R19'
02-19 07:34:35 com_github_MitjaNemec_ReplicateLayout.replicate_layout 990:Src text UUid:b77e2e5a-f15a-47f2-b7dd-b5a5bf2fc76e
02-19 07:34:35 com_github_MitjaNemec_ReplicateLayout.replicate_layout 991:Dst text UUid:10bedbc2-ed0a-4550-a83b-03618690d331
02-19 07:34:35 com_github_MitjaNemec_ReplicateLayout.replicate_layout 990:Src text UUid:35c99570-71bf-4f3b-91c8-cf50da73a34a
02-19 07:34:35 com_github_MitjaNemec_ReplicateLayout.replicate_layout 991:Dst text UUid:278b1494-e267-4033-a23b-ccc938e2657f
02-19 07:34:35 com_github_MitjaNemec_ReplicateLayout.replicate_layout 990:Src text UUid:1e60cd4f-5660-49b9-8555-6c68ac4655a7
02-19 07:34:35 com_github_MitjaNemec_ReplicateLayout.replicate_layout 991:Dst text UUid:5190fb6d-8940-4a3c-930c-2dd62fd0227f
02-19 07:34:35 com_github_MitjaNemec_ReplicateLayout.replicate_layout 888:Replicating footprint: 'R8'
02-19 07:34:35 com_github_MitjaNemec_ReplicateLayout.replicate_layout 835:Src fp.id: '5C573CA5-E95C-45BD-9745-045ABE412BCF'
02-19 07:34:35 com_github_MitjaNemec_ReplicateLayout.replicate_layout 839:Dst fp.id: '5C573CA5-E95C-45BD-9745-045ABE412BCF'
02-19 07:34:35 com_github_MitjaNemec_ReplicateLayout.replicate_layout 895:found match in dst footprint: 'R18'
02-19 07:34:35 com_github_MitjaNemec_ReplicateLayout.replicate_layout 990:Src text UUid:cdbd67be-d681-404e-8a53-34ef4e6638a4
02-19 07:34:35 com_github_MitjaNemec_ReplicateLayout.replicate_layout 991:Dst text UUid:a78c450b-9c27-42b4-8560-e96f2ea3561a
02-19 07:34:35 com_github_MitjaNemec_ReplicateLayout.replicate_layout 990:Src text UUid:2aabc641-2f95-4cc7-b2ac-d8fc16be83be
02-19 07:34:35 com_github_MitjaNemec_ReplicateLayout.replicate_layout 991:Dst text UUid:99887685-7a1d-42f8-ac97-0a87dc972e82
02-19 07:34:35 com_github_MitjaNemec_ReplicateLayout.replicate_layout 990:Src text UUid:7cb38046-eb58-435b-8bec-d774a1f4c8be
02-19 07:34:35 com_github_MitjaNemec_ReplicateLayout.replicate_layout 991:Dst text UUid:a05426e6-4479-42f4-984e-f976e5844135
02-19 07:34:35 com_github_MitjaNemec_ReplicateLayout.replicate_layout 888:Replicating footprint: 'R7'
02-19 07:34:35 com_github_MitjaNemec_ReplicateLayout.replicate_layout 835:Src fp.id: 'CAF4BA34-985A-4EDC-8CA4-82931BD05E30'
02-19 07:34:35 com_github_MitjaNemec_ReplicateLayout.replicate_layout 839:Dst fp.id: 'CAF4BA34-985A-4EDC-8CA4-82931BD05E30'
02-19 07:34:35 com_github_MitjaNemec_ReplicateLayout.replicate_layout 895:found match in dst footprint: 'R17'
02-19 07:34:35 com_github_MitjaNemec_ReplicateLayout.replicate_layout 990:Src text UUid:8ba53b1c-0d6a-48cc-a9d4-0a7c55dd55d0
02-19 07:34:35 com_github_MitjaNemec_ReplicateLayout.replicate_layout 991:Dst text UUid:9ff0550a-ec46-4241-9807-9e7c1216acf5
02-19 07:34:35 com_github_MitjaNemec_ReplicateLayout.replicate_layout 990:Src text UUid:aa7f8b83-70c8-4f5d-8d1c-f01d0c736424
02-19 07:34:35 com_github_MitjaNemec_ReplicateLayout.replicate_layout 991:Dst text UUid:3c419699-93d7-477b-892e-8e43053291e4
02-19 07:34:35 com_github_MitjaNemec_ReplicateLayout.replicate_layout 990:Src text UUid:99a4a3d9-fafc-4357-b62a-2778a1d87fee
02-19 07:34:35 com_github_MitjaNemec_ReplicateLayout.replicate_layout 991:Dst text UUid:890fec13-43ff-4bae-a6d8-5b9699988b20
02-19 07:34:35 com_github_MitjaNemec_ReplicateLayout.replicate_layout 888:Replicating footprint: 'R5'
02-19 07:34:35 com_github_MitjaNemec_ReplicateLayout.replicate_layout 835:Src fp.id: 'ABF80626-A043-432D-995D-6B3B76662E68'
02-19 07:34:35 com_github_MitjaNemec_ReplicateLayout.replicate_layout 839:Dst fp.id: 'ABF80626-A043-432D-995D-6B3B76662E68'
02-19 07:34:35 com_github_MitjaNemec_ReplicateLayout.replicate_layout 895:found match in dst footprint: 'R14'
02-19 07:34:35 com_github_MitjaNemec_ReplicateLayout.replicate_layout 990:Src text UUid:b896393f-ab96-40ad-a069-253272ec6fe6
02-19 07:34:35 com_github_MitjaNemec_ReplicateLayout.replicate_layout 991:Dst text UUid:0fb8bc18-2f8a-420d-b5d7-89de88fc9695
02-19 07:34:35 com_github_MitjaNemec_ReplicateLayout.replicate_layout 990:Src text UUid:b0a3ff99-9de5-4d5c-a2ae-6b5e7be1567e
02-19 07:34:35 com_github_MitjaNemec_ReplicateLayout.replicate_layout 991:Dst text UUid:e4d82353-19d8-48bc-82b5-20d6c2601316
02-19 07:34:35 com_github_MitjaNemec_ReplicateLayout.replicate_layout 990:Src text UUid:d76e14e8-9c66-4fb2-b73e-735a1eec560e
02-19 07:34:35 com_github_MitjaNemec_ReplicateLayout.replicate_layout 991:Dst text UUid:66addbcf-b56d-4cc1-afcc-31bee7743444
02-19 07:34:35 com_github_MitjaNemec_ReplicateLayout.replicate_layout 888:Replicating footprint: 'R4'
02-19 07:34:35 com_github_MitjaNemec_ReplicateLayout.replicate_layout 835:Src fp.id: '244E7522-5443-4480-BA22-0148A9521A2E'
02-19 07:34:35 com_github_MitjaNemec_ReplicateLayout.replicate_layout 839:Dst fp.id: '244E7522-5443-4480-BA22-0148A9521A2E'
02-19 07:34:35 com_github_MitjaNemec_ReplicateLayout.replicate_layout 895:found match in dst footprint: 'R15'
02-19 07:34:35 com_github_MitjaNemec_ReplicateLayout.replicate_layout 990:Src text UUid:3bd51704-5100-48e1-8968-555591af1597
02-19 07:34:35 com_github_MitjaNemec_ReplicateLayout.replicate_layout 991:Dst text UUid:40b777f5-47e5-4305-93fb-22c61ac4932c
02-19 07:34:35 com_github_MitjaNemec_ReplicateLayout.replicate_layout 990:Src text UUid:15de06a9-f6a5-4d30-8f0b-b99669a2ef88
02-19 07:34:35 com_github_MitjaNemec_ReplicateLayout.replicate_layout 991:Dst text UUid:4299c8bc-b040-4692-8426-68b7f585e430
02-19 07:34:35 com_github_MitjaNemec_ReplicateLayout.replicate_layout 990:Src text UUid:24cfd9ed-6a15-4e8f-a091-6c9001441d8a
02-19 07:34:35 com_github_MitjaNemec_ReplicateLayout.replicate_layout 991:Dst text UUid:88a4ad11-29f0-449c-8084-c2054b3ea6ef
02-19 07:34:35 com_github_MitjaNemec_ReplicateLayout.replicate_layout 888:Replicating footprint: 'Q2'
02-19 07:34:35 com_github_MitjaNemec_ReplicateLayout.replicate_layout 835:Src fp.id: '1C822403-61B3-4B08-B064-A3D3A6071203'
02-19 07:34:35 com_github_MitjaNemec_ReplicateLayout.replicate_layout 839:Dst fp.id: '1C822403-61B3-4B08-B064-A3D3A6071203'
02-19 07:34:35 com_github_MitjaNemec_ReplicateLayout.replicate_layout 895:found match in dst footprint: 'Q3'
02-19 07:34:35 com_github_MitjaNemec_ReplicateLayout.replicate_layout 990:Src text UUid:a796c4ae-e9ed-49d8-adb9-6a11e8473e07
02-19 07:34:35 com_github_MitjaNemec_ReplicateLayout.replicate_layout 991:Dst text UUid:690bf63d-6dfc-42be-8f99-348dcb62a5d4
02-19 07:34:35 com_github_MitjaNemec_ReplicateLayout.replicate_layout 990:Src text UUid:26ca98f6-631d-4bfb-a640-c264a2ef1858
02-19 07:34:35 com_github_MitjaNemec_ReplicateLayout.replicate_layout 991:Dst text UUid:77bceb43-ca8d-49e4-938a-b8b65d074e2b
02-19 07:34:35 com_github_MitjaNemec_ReplicateLayout.replicate_layout 990:Src text UUid:71756b55-44ce-40f4-b50d-2cc18e9419fd
02-19 07:34:35 com_github_MitjaNemec_ReplicateLayout.replicate_layout 991:Dst text UUid:25d29774-5424-4e9c-a7e1-9c15c312e962
02-19 07:34:35 com_github_MitjaNemec_ReplicateLayout.replicate_layout 888:Replicating footprint: 'Q1'
02-19 07:34:35 com_github_MitjaNemec_ReplicateLayout.replicate_layout 835:Src fp.id: '7C77CB19-D853-4B78-836A-9295DBBA40B9'
02-19 07:34:35 com_github_MitjaNemec_ReplicateLayout.replicate_layout 839:Dst fp.id: '7C77CB19-D853-4B78-836A-9295DBBA40B9'
02-19 07:34:35 com_github_MitjaNemec_ReplicateLayout.replicate_layout 895:found match in dst footprint: 'Q4'
02-19 07:34:35 com_github_MitjaNemec_ReplicateLayout.replicate_layout 990:Src text UUid:4f457c1b-efe0-4ffe-ab26-8fe2aa1140cc
02-19 07:34:35 com_github_MitjaNemec_ReplicateLayout.replicate_layout 991:Dst text UUid:38459ebd-f262-4516-9afc-54945976cbb1
02-19 07:34:35 com_github_MitjaNemec_ReplicateLayout.replicate_layout 990:Src text UUid:c25fb621-93ad-4567-89ed-91fb10bb8fc8
02-19 07:34:35 com_github_MitjaNemec_ReplicateLayout.replicate_layout 991:Dst text UUid:ab2dbbe4-d9f2-400c-8771-0ea4ba2dfb58
02-19 07:34:35 com_github_MitjaNemec_ReplicateLayout.replicate_layout 990:Src text UUid:bb881372-fd02-460c-9b04-066d58b90cf9
02-19 07:34:35 com_github_MitjaNemec_ReplicateLayout.replicate_layout 991:Dst text UUid:4d7ce3ab-c65a-4a54-b30a-c1c067b895e7
02-19 07:34:35 com_github_MitjaNemec_ReplicateLayout.replicate_layout 888:Replicating footprint: 'J2'
02-19 07:34:35 com_github_MitjaNemec_ReplicateLayout.replicate_layout 835:Src fp.id: '0009B243-959A-4943-9F5E-C2A413A87135'
02-19 07:34:35 com_github_MitjaNemec_ReplicateLayout.replicate_layout 839:Dst fp.id: '0009B243-959A-4943-9F5E-C2A413A87135'
02-19 07:34:35 com_github_MitjaNemec_ReplicateLayout.replicate_layout 895:found match in dst footprint: 'J5'
02-19 07:34:35 com_github_MitjaNemec_ReplicateLayout.replicate_layout 990:Src text UUid:ea342d18-043b-4512-a440-d503b01b8c02
02-19 07:34:35 com_github_MitjaNemec_ReplicateLayout.replicate_layout 991:Dst text UUid:98fc2953-f452-4546-931f-3ce188d19b6e
02-19 07:34:35 com_github_MitjaNemec_ReplicateLayout.replicate_layout 990:Src text UUid:c77aad65-aa33-4d60-bf85-403dd224a862
02-19 07:34:35 com_github_MitjaNemec_ReplicateLayout.replicate_layout 991:Dst text UUid:c0414be3-e094-4c91-b82e-613091360ea0
02-19 07:34:35 com_github_MitjaNemec_ReplicateLayout.replicate_layout 888:Replicating footprint: 'R1'
02-19 07:34:35 com_github_MitjaNemec_ReplicateLayout.replicate_layout 835:Src fp.id: 'F8EAC6CC-7036-409F-B44B-36C5EC71EBE4'
02-19 07:34:35 com_github_MitjaNemec_ReplicateLayout.replicate_layout 839:Dst fp.id: 'F8EAC6CC-7036-409F-B44B-36C5EC71EBE4'
02-19 07:34:35 com_github_MitjaNemec_ReplicateLayout.replicate_layout 895:found match in dst footprint: 'R11'
02-19 07:34:35 com_github_MitjaNemec_ReplicateLayout.replicate_layout 990:Src text UUid:8abdeadf-4962-44d8-9ed3-f1547e1ee18b
02-19 07:34:35 com_github_MitjaNemec_ReplicateLayout.replicate_layout 991:Dst text UUid:dd088896-3b22-465d-a9e8-d11e1514da3e
02-19 07:34:35 com_github_MitjaNemec_ReplicateLayout.replicate_layout 990:Src text UUid:44f29376-a161-48aa-8df2-b462de40152d
02-19 07:34:35 com_github_MitjaNemec_ReplicateLayout.replicate_layout 991:Dst text UUid:a89bd905-6b72-4f05-acd6-d5168c48186c
02-19 07:34:35 com_github_MitjaNemec_ReplicateLayout.replicate_layout 990:Src text UUid:f4391e6f-2864-4b48-a3da-b235fdfa1893
02-19 07:34:35 com_github_MitjaNemec_ReplicateLayout.replicate_layout 991:Dst text UUid:56222e72-987e-4c48-a1a2-31dea3f485c1
02-19 07:34:35 com_github_MitjaNemec_ReplicateLayout.replicate_layout 888:Replicating footprint: 'R2'
02-19 07:34:35 com_github_MitjaNemec_ReplicateLayout.replicate_layout 835:Src fp.id: '49BFCC6C-3023-497A-8A5D-34A97E634B48'
02-19 07:34:35 com_github_MitjaNemec_ReplicateLayout.replicate_layout 839:Dst fp.id: '49BFCC6C-3023-497A-8A5D-34A97E634B48'
02-19 07:34:35 com_github_MitjaNemec_ReplicateLayout.replicate_layout 895:found match in dst footprint: 'R12'
02-19 07:34:35 com_github_MitjaNemec_ReplicateLayout.replicate_layout 990:Src text UUid:02cab34b-7e88-4872-913c-5f6a724b4557
02-19 07:34:35 com_github_MitjaNemec_ReplicateLayout.replicate_layout 991:Dst text UUid:7400655d-5b4d-4a17-a357-e8224825bd9f
02-19 07:34:35 com_github_MitjaNemec_ReplicateLayout.replicate_layout 990:Src text UUid:41efe328-530a-450b-aed4-dd1a27448a95
02-19 07:34:35 com_github_MitjaNemec_ReplicateLayout.replicate_layout 991:Dst text UUid:68c7b417-0af6-41ae-8eea-e05c824e6c16
02-19 07:34:35 com_github_MitjaNemec_ReplicateLayout.replicate_layout 990:Src text UUid:e6115f9a-0e75-440c-a2a0-fa1f8e6899c5
02-19 07:34:35 com_github_MitjaNemec_ReplicateLayout.replicate_layout 991:Dst text UUid:8ffac8a3-26ce-46a4-9416-bc5ae10ed652
02-19 07:34:35 com_github_MitjaNemec_ReplicateLayout.replicate_layout 888:Replicating footprint: 'R3'
02-19 07:34:35 com_github_MitjaNemec_ReplicateLayout.replicate_layout 835:Src fp.id: '79B480D1-BB3C-47ED-90D8-DD2160DF1DF3'
02-19 07:34:35 com_github_MitjaNemec_ReplicateLayout.replicate_layout 839:Dst fp.id: '79B480D1-BB3C-47ED-90D8-DD2160DF1DF3'
02-19 07:34:35 com_github_MitjaNemec_ReplicateLayout.replicate_layout 895:found match in dst footprint: 'R13'
02-19 07:34:35 com_github_MitjaNemec_ReplicateLayout.replicate_layout 990:Src text UUid:841e136c-3cb1-4d06-bc18-20149d3e41ca
02-19 07:34:35 com_github_MitjaNemec_ReplicateLayout.replicate_layout 991:Dst text UUid:4bfaca4a-dfaa-4a28-8028-948d5f0fddae
02-19 07:34:35 com_github_MitjaNemec_ReplicateLayout.replicate_layout 990:Src text UUid:b7fa12bb-a0f3-4c79-8ea8-d953e5491417
02-19 07:34:35 com_github_MitjaNemec_ReplicateLayout.replicate_layout 991:Dst text UUid:0ba884b0-3e6d-4344-8664-b6852faa13bd
02-19 07:34:35 com_github_MitjaNemec_ReplicateLayout.replicate_layout 990:Src text UUid:46ead436-7006-4984-9e79-8072ce014251
02-19 07:34:35 com_github_MitjaNemec_ReplicateLayout.replicate_layout 991:Dst text UUid:992280c9-e9c9-4abc-99a2-35ddb293aafd
02-19 07:34:35 com_github_MitjaNemec_ReplicateLayout.replicate_layout 888:Replicating footprint: 'J1'
02-19 07:34:35 com_github_MitjaNemec_ReplicateLayout.replicate_layout 835:Src fp.id: '45622FD7-E9CD-4534-A1A2-E07A6EFC48A2'
02-19 07:34:35 com_github_MitjaNemec_ReplicateLayout.replicate_layout 839:Dst fp.id: '45622FD7-E9CD-4534-A1A2-E07A6EFC48A2'
02-19 07:34:35 com_github_MitjaNemec_ReplicateLayout.replicate_layout 895:found match in dst footprint: 'J4'
02-19 07:34:35 com_github_MitjaNemec_ReplicateLayout.replicate_layout 990:Src text UUid:0dbe9306-3c82-45f2-a764-ef872c83db4e
02-19 07:34:35 com_github_MitjaNemec_ReplicateLayout.replicate_layout 991:Dst text UUid:bfc7a739-b801-4686-857a-08ba6b0e03ab
02-19 07:34:35 com_github_MitjaNemec_ReplicateLayout.replicate_layout 990:Src text UUid:33b6e16a-8674-4ea0-a5ca-1ff2d098b4db
02-19 07:34:35 com_github_MitjaNemec_ReplicateLayout.replicate_layout 991:Dst text UUid:ab5394d0-9af2-4706-9887-dba8a6887d5a
02-19 07:34:35 com_github_MitjaNemec_ReplicateLayout.replicate_layout 888:Replicating footprint: 'C2'
02-19 07:34:35 root 345:updating GUI with: 43
02-19 07:34:35 com_github_MitjaNemec_ReplicateLayout.replicate_layout 835:Src fp.id: '6754937B-47CA-4FA4-A3B6-2766A5159CEB'
02-19 07:34:35 com_github_MitjaNemec_ReplicateLayout.replicate_layout 839:Dst fp.id: '6754937B-47CA-4FA4-A3B6-2766A5159CEB'
02-19 07:34:35 com_github_MitjaNemec_ReplicateLayout.replicate_layout 895:found match in dst footprint: 'C8'
02-19 07:34:35 com_github_MitjaNemec_ReplicateLayout.replicate_layout 990:Src text UUid:b9a4aec5-9b50-487b-9e21-aa0f83dc86df
02-19 07:34:35 com_github_MitjaNemec_ReplicateLayout.replicate_layout 991:Dst text UUid:bea2b110-c914-4d0e-b30a-de7b5825b9c6
02-19 07:34:35 com_github_MitjaNemec_ReplicateLayout.replicate_layout 990:Src text UUid:8884e1c8-5a0e-4093-9666-49b87086c8f8
02-19 07:34:35 com_github_MitjaNemec_ReplicateLayout.replicate_layout 991:Dst text UUid:af6e74fe-2cd4-4028-9aa3-412e9d5ad3fc
02-19 07:34:35 com_github_MitjaNemec_ReplicateLayout.replicate_layout 990:Src text UUid:af7af203-18a3-403d-8dd1-d6911138f021
02-19 07:34:35 com_github_MitjaNemec_ReplicateLayout.replicate_layout 991:Dst text UUid:3f5f4335-f76a-42af-b918-d23e8b42ba19
02-19 07:34:35 com_github_MitjaNemec_ReplicateLayout.replicate_layout 888:Replicating footprint: 'C1'
02-19 07:34:35 com_github_MitjaNemec_ReplicateLayout.replicate_layout 835:Src fp.id: '3E96E9C5-607D-40B0-902E-CE4ACEA013F4'
02-19 07:34:35 com_github_MitjaNemec_ReplicateLayout.replicate_layout 839:Dst fp.id: '3E96E9C5-607D-40B0-902E-CE4ACEA013F4'
02-19 07:34:35 com_github_MitjaNemec_ReplicateLayout.replicate_layout 895:found match in dst footprint: 'C7'
02-19 07:34:35 com_github_MitjaNemec_ReplicateLayout.replicate_layout 990:Src text UUid:6087d79c-946a-4fb9-b395-7fd5fedad502
02-19 07:34:35 com_github_MitjaNemec_ReplicateLayout.replicate_layout 991:Dst text UUid:bc449d50-1ba5-4371-84ac-06a5f0d73df6
02-19 07:34:35 com_github_MitjaNemec_ReplicateLayout.replicate_layout 990:Src text UUid:1c4344af-8789-406d-a184-8cc06d6989cc
02-19 07:34:35 com_github_MitjaNemec_ReplicateLayout.replicate_layout 991:Dst text UUid:9de9f4af-7e71-4c24-ad22-43cd6b3276a5
02-19 07:34:35 com_github_MitjaNemec_ReplicateLayout.replicate_layout 990:Src text UUid:7b86d848-acf5-443b-a6a1-c13dc3720c9f
02-19 07:34:35 com_github_MitjaNemec_ReplicateLayout.replicate_layout 991:Dst text UUid:451fc389-5196-4cd3-a9db-d35e1f6d8d01
02-19 07:34:35 com_github_MitjaNemec_ReplicateLayout.replicate_layout 888:Replicating footprint: 'D1'
02-19 07:34:35 com_github_MitjaNemec_ReplicateLayout.replicate_layout 835:Src fp.id: 'A9F435D6-3DFD-441F-933C-CD73D4A19A99'
02-19 07:34:35 com_github_MitjaNemec_ReplicateLayout.replicate_layout 839:Dst fp.id: 'A9F435D6-3DFD-441F-933C-CD73D4A19A99'
02-19 07:34:35 com_github_MitjaNemec_ReplicateLayout.replicate_layout 895:found match in dst footprint: 'D3'
02-19 07:34:35 com_github_MitjaNemec_ReplicateLayout.replicate_layout 990:Src text UUid:1596d85f-65f5-4dd6-9939-ee6b1487790f
02-19 07:34:35 com_github_MitjaNemec_ReplicateLayout.replicate_layout 991:Dst text UUid:07c6e688-37fe-4385-bbbc-7b274e1dfe54
02-19 07:34:35 com_github_MitjaNemec_ReplicateLayout.replicate_layout 990:Src text UUid:3bd23318-a974-4836-bc5d-1c4bdbb81381
02-19 07:34:35 com_github_MitjaNemec_ReplicateLayout.replicate_layout 991:Dst text UUid:73feebcb-0ceb-433b-979e-40b80d06a54d
02-19 07:34:35 com_github_MitjaNemec_ReplicateLayout.replicate_layout 990:Src text UUid:b67246f3-579a-4314-8cc1-a934cf4261cc
02-19 07:34:35 com_github_MitjaNemec_ReplicateLayout.replicate_layout 991:Dst text UUid:57f39b80-0ffa-4234-abce-a37338dcfd7b
02-19 07:34:35 com_github_MitjaNemec_ReplicateLayout.replicate_layout 888:Replicating footprint: 'D2'
02-19 07:34:35 com_github_MitjaNemec_ReplicateLayout.replicate_layout 835:Src fp.id: '1139925A-C3CB-4C50-8E1B-6A398DBEDD34'
02-19 07:34:35 com_github_MitjaNemec_ReplicateLayout.replicate_layout 839:Dst fp.id: '1139925A-C3CB-4C50-8E1B-6A398DBEDD34'
02-19 07:34:35 com_github_MitjaNemec_ReplicateLayout.replicate_layout 895:found match in dst footprint: 'D4'
02-19 07:34:35 com_github_MitjaNemec_ReplicateLayout.replicate_layout 990:Src text UUid:e5374c36-614e-477a-b402-8a8cd03a0769
02-19 07:34:35 com_github_MitjaNemec_ReplicateLayout.replicate_layout 991:Dst text UUid:ea53fb4c-eeca-491b-8b66-1df4f4e703c6
02-19 07:34:35 com_github_MitjaNemec_ReplicateLayout.replicate_layout 990:Src text UUid:f590eff8-8e56-4d64-be9f-1aa92af27be5
02-19 07:34:35 com_github_MitjaNemec_ReplicateLayout.replicate_layout 991:Dst text UUid:e979045b-fab5-4d77-8e87-89584436bf90
02-19 07:34:35 com_github_MitjaNemec_ReplicateLayout.replicate_layout 990:Src text UUid:595e4cd6-0e56-42df-85ff-2ca31883e522
02-19 07:34:35 com_github_MitjaNemec_ReplicateLayout.replicate_layout 991:Dst text UUid:1b7701b0-4773-4eed-994d-9762125bec16
02-19 07:34:35 com_github_MitjaNemec_ReplicateLayout.replicate_layout 870:Replicating footprints on sheet ['/lfo2/']
02-19 07:34:35 com_github_MitjaNemec_ReplicateLayout.replicate_layout 835:Src fp.id: '2CA89587-735A-4669-B568-645F28F29E92'
02-19 07:34:35 com_github_MitjaNemec_ReplicateLayout.replicate_layout 839:Dst fp.id: '2CA89587-735A-4669-B568-645F28F29E92'
02-19 07:34:35 com_github_MitjaNemec_ReplicateLayout.replicate_layout 888:Replicating footprint: 'RV1'
02-19 07:34:35 com_github_MitjaNemec_ReplicateLayout.replicate_layout 835:Src fp.id: '2CA89587-735A-4669-B568-645F28F29E92'
02-19 07:34:35 com_github_MitjaNemec_ReplicateLayout.replicate_layout 839:Dst fp.id: '2CA89587-735A-4669-B568-645F28F29E92'
02-19 07:34:35 com_github_MitjaNemec_ReplicateLayout.replicate_layout 895:found match in dst footprint: 'RV3'
02-19 07:34:35 com_github_MitjaNemec_ReplicateLayout.replicate_layout 990:Src text UUid:778c82fb-275f-446d-9715-f05cf59630c8
02-19 07:34:35 com_github_MitjaNemec_ReplicateLayout.replicate_layout 991:Dst text UUid:83f79481-aa1c-4484-8b40-e2083aa58b35
02-19 07:34:35 com_github_MitjaNemec_ReplicateLayout.replicate_layout 990:Src text UUid:41055b15-8551-4c34-baae-0a25de079b50
02-19 07:34:35 com_github_MitjaNemec_ReplicateLayout.replicate_layout 991:Dst text UUid:8c3ac4da-4cff-4fb1-bc84-1126fe8e25a1
02-19 07:34:35 com_github_MitjaNemec_ReplicateLayout.replicate_layout 990:Src text UUid:1590b1a7-553b-455b-aec0-453fe733071d
02-19 07:34:35 com_github_MitjaNemec_ReplicateLayout.replicate_layout 991:Dst text UUid:fa07a889-a3b4-4920-b664-b9455a9511ef
02-19 07:34:35 com_github_MitjaNemec_ReplicateLayout.replicate_layout 888:Replicating footprint: 'R6'
02-19 07:34:35 com_github_MitjaNemec_ReplicateLayout.replicate_layout 835:Src fp.id: '20188C95-7D30-4160-9798-D28D1B762CB4'
02-19 07:34:35 com_github_MitjaNemec_ReplicateLayout.replicate_layout 839:Dst fp.id: '20188C95-7D30-4160-9798-D28D1B762CB4'
02-19 07:34:35 com_github_MitjaNemec_ReplicateLayout.replicate_layout 895:found match in dst footprint: 'R26'
02-19 07:34:35 com_github_MitjaNemec_ReplicateLayout.replicate_layout 990:Src text UUid:248b9dd4-4197-4aab-b37f-cd353a7bdb98
02-19 07:34:35 com_github_MitjaNemec_ReplicateLayout.replicate_layout 991:Dst text UUid:4116a06f-b7c5-4b62-8606-b7e796c532d2
02-19 07:34:35 com_github_MitjaNemec_ReplicateLayout.replicate_layout 990:Src text UUid:6392789f-2f53-4116-907c-2a5044b1ec40
02-19 07:34:35 com_github_MitjaNemec_ReplicateLayout.replicate_layout 991:Dst text UUid:eaf0801c-dd83-4d19-99c5-db25d1fc257c
02-19 07:34:35 com_github_MitjaNemec_ReplicateLayout.replicate_layout 990:Src text UUid:1592c09c-42a3-4911-ba7a-6189a9ccaf91
02-19 07:34:35 com_github_MitjaNemec_ReplicateLayout.replicate_layout 991:Dst text UUid:f9fbb2b5-7747-489d-8889-8ec77a56a5ec
02-19 07:34:35 com_github_MitjaNemec_ReplicateLayout.replicate_layout 888:Replicating footprint: 'C4'
02-19 07:34:35 com_github_MitjaNemec_ReplicateLayout.replicate_layout 835:Src fp.id: 'E253769D-3BD7-4445-9D91-BFE48FD751C3'
02-19 07:34:35 com_github_MitjaNemec_ReplicateLayout.replicate_layout 839:Dst fp.id: 'E253769D-3BD7-4445-9D91-BFE48FD751C3'
02-19 07:34:35 com_github_MitjaNemec_ReplicateLayout.replicate_layout 895:found match in dst footprint: 'C14'
02-19 07:34:35 com_github_MitjaNemec_ReplicateLayout.replicate_layout 990:Src text UUid:925d9535-b2ab-4006-9cfa-8e9021fad675
02-19 07:34:35 com_github_MitjaNemec_ReplicateLayout.replicate_layout 991:Dst text UUid:66647fa9-10ff-47a9-b993-c6ac1b0d3fb5
02-19 07:34:35 com_github_MitjaNemec_ReplicateLayout.replicate_layout 990:Src text UUid:816c2a4c-6927-4336-b591-97b51f5cf085
02-19 07:34:35 com_github_MitjaNemec_ReplicateLayout.replicate_layout 991:Dst text UUid:6e8610fc-3b16-4b0a-bad6-e84b06f7264c
02-19 07:34:35 com_github_MitjaNemec_ReplicateLayout.replicate_layout 990:Src text UUid:ed3ded3b-75dc-4fb3-bda3-a523ea09bc80
02-19 07:34:35 com_github_MitjaNemec_ReplicateLayout.replicate_layout 991:Dst text UUid:d48b5476-c2b7-450e-9d7c-b902c66425e6
02-19 07:34:35 com_github_MitjaNemec_ReplicateLayout.replicate_layout 990:Src text UUid:9521c6be-5873-478e-8ae4-c6d9f2529d4c
02-19 07:34:35 com_github_MitjaNemec_ReplicateLayout.replicate_layout 991:Dst text UUid:282d560b-0f1a-4050-a5b7-ecd4e397bda6
02-19 07:34:35 com_github_MitjaNemec_ReplicateLayout.replicate_layout 888:Replicating footprint: 'C3'
02-19 07:34:35 com_github_MitjaNemec_ReplicateLayout.replicate_layout 835:Src fp.id: '52F922DE-5BE8-4E6F-B7FA-3A6EA3196A43'
02-19 07:34:35 com_github_MitjaNemec_ReplicateLayout.replicate_layout 839:Dst fp.id: '52F922DE-5BE8-4E6F-B7FA-3A6EA3196A43'
02-19 07:34:35 com_github_MitjaNemec_ReplicateLayout.replicate_layout 895:found match in dst footprint: 'C13'
02-19 07:34:35 com_github_MitjaNemec_ReplicateLayout.replicate_layout 990:Src text UUid:5fa5d0e6-dfba-452c-9899-5f50c442cf5d
02-19 07:34:35 com_github_MitjaNemec_ReplicateLayout.replicate_layout 991:Dst text UUid:3f2f4267-59d6-4be8-bc5f-999a8bf44a95
02-19 07:34:35 com_github_MitjaNemec_ReplicateLayout.replicate_layout 990:Src text UUid:f6e523b0-7f42-4e6b-a603-0ac54a9a7b39
02-19 07:34:35 com_github_MitjaNemec_ReplicateLayout.replicate_layout 991:Dst text UUid:d610eeb9-1a9d-4d4d-a454-fdfd898755ae
02-19 07:34:35 com_github_MitjaNemec_ReplicateLayout.replicate_layout 990:Src text UUid:f7644218-12b4-43ee-a000-4d382f4746c7
02-19 07:34:35 com_github_MitjaNemec_ReplicateLayout.replicate_layout 991:Dst text UUid:28cd4ba0-1074-4547-b532-576087506ee3
02-19 07:34:35 com_github_MitjaNemec_ReplicateLayout.replicate_layout 990:Src text UUid:aa82194f-f101-4a45-927e-0eaabfb3b7db
02-19 07:34:35 com_github_MitjaNemec_ReplicateLayout.replicate_layout 991:Dst text UUid:f867b626-58aa-4327-b60f-d17c69e12f2c
02-19 07:34:35 com_github_MitjaNemec_ReplicateLayout.replicate_layout 888:Replicating footprint: 'U1'
02-19 07:34:35 com_github_MitjaNemec_ReplicateLayout.replicate_layout 835:Src fp.id: 'BD13650E-9F9F-48AA-8353-89FBDB22085F'
02-19 07:34:35 com_github_MitjaNemec_ReplicateLayout.replicate_layout 839:Dst fp.id: 'BD13650E-9F9F-48AA-8353-89FBDB22085F'
02-19 07:34:35 com_github_MitjaNemec_ReplicateLayout.replicate_layout 895:found match in dst footprint: 'U3'
02-19 07:34:35 com_github_MitjaNemec_ReplicateLayout.replicate_layout 990:Src text UUid:528403c6-c932-48d7-bf5f-eea369d5b705
02-19 07:34:35 com_github_MitjaNemec_ReplicateLayout.replicate_layout 991:Dst text UUid:0f8a1e0b-85fb-456d-a97f-0dae80e1f0c2
02-19 07:34:35 com_github_MitjaNemec_ReplicateLayout.replicate_layout 990:Src text UUid:d0303c9c-c394-4f1e-8727-8bb5ed707b7c
02-19 07:34:35 com_github_MitjaNemec_ReplicateLayout.replicate_layout 991:Dst text UUid:67998567-ff88-4098-af8c-34c55d986f9a
02-19 07:34:35 com_github_MitjaNemec_ReplicateLayout.replicate_layout 990:Src text UUid:95bb7afa-463e-44e9-b221-73e354a8ce0f
02-19 07:34:35 com_github_MitjaNemec_ReplicateLayout.replicate_layout 991:Dst text UUid:2c5e4a46-d344-4a1f-80e8-c425ff65acdb
02-19 07:34:35 com_github_MitjaNemec_ReplicateLayout.replicate_layout 888:Replicating footprint: 'R10'
02-19 07:34:35 com_github_MitjaNemec_ReplicateLayout.replicate_layout 835:Src fp.id: 'A22D0F01-61F3-497F-98B8-7EA5246EE320'
02-19 07:34:35 com_github_MitjaNemec_ReplicateLayout.replicate_layout 839:Dst fp.id: 'A22D0F01-61F3-497F-98B8-7EA5246EE320'
02-19 07:34:35 com_github_MitjaNemec_ReplicateLayout.replicate_layout 895:found match in dst footprint: 'R30'
02-19 07:34:35 com_github_MitjaNemec_ReplicateLayout.replicate_layout 990:Src text UUid:bb433da0-8f69-4697-99c7-5401a60ceeee
02-19 07:34:35 com_github_MitjaNemec_ReplicateLayout.replicate_layout 991:Dst text UUid:3f994aa2-d5fc-49c6-8445-deccfad8220b
02-19 07:34:35 com_github_MitjaNemec_ReplicateLayout.replicate_layout 990:Src text UUid:ffbca24d-54e8-4081-b3b4-bbc37364ec15
02-19 07:34:35 com_github_MitjaNemec_ReplicateLayout.replicate_layout 991:Dst text UUid:cbb12d34-6ceb-4f0c-9884-b4257962325c
02-19 07:34:35 com_github_MitjaNemec_ReplicateLayout.replicate_layout 990:Src text UUid:6956f986-6423-4cf6-b21e-827e932b0969
02-19 07:34:35 com_github_MitjaNemec_ReplicateLayout.replicate_layout 991:Dst text UUid:da40baba-5820-4dd5-a01e-c6a76913d774
02-19 07:34:35 com_github_MitjaNemec_ReplicateLayout.replicate_layout 888:Replicating footprint: 'R9'
02-19 07:34:35 com_github_MitjaNemec_ReplicateLayout.replicate_layout 835:Src fp.id: 'C14ECCFA-D21E-41C2-955C-809FCA53820C'
02-19 07:34:35 com_github_MitjaNemec_ReplicateLayout.replicate_layout 839:Dst fp.id: 'C14ECCFA-D21E-41C2-955C-809FCA53820C'
02-19 07:34:35 com_github_MitjaNemec_ReplicateLayout.replicate_layout 895:found match in dst footprint: 'R29'
02-19 07:34:35 com_github_MitjaNemec_ReplicateLayout.replicate_layout 990:Src text UUid:b77e2e5a-f15a-47f2-b7dd-b5a5bf2fc76e
02-19 07:34:35 com_github_MitjaNemec_ReplicateLayout.replicate_layout 991:Dst text UUid:241dc374-ffa9-4027-bc2e-057a8764dfd7
02-19 07:34:35 com_github_MitjaNemec_ReplicateLayout.replicate_layout 990:Src text UUid:35c99570-71bf-4f3b-91c8-cf50da73a34a
02-19 07:34:35 com_github_MitjaNemec_ReplicateLayout.replicate_layout 991:Dst text UUid:39a86c9f-e83b-4ce0-adfa-8ade0df6b5c6
02-19 07:34:35 com_github_MitjaNemec_ReplicateLayout.replicate_layout 990:Src text UUid:1e60cd4f-5660-49b9-8555-6c68ac4655a7
02-19 07:34:35 com_github_MitjaNemec_ReplicateLayout.replicate_layout 991:Dst text UUid:a5da1a43-fb7d-4066-96bc-ec462b096ab1
02-19 07:34:35 com_github_MitjaNemec_ReplicateLayout.replicate_layout 888:Replicating footprint: 'R8'
02-19 07:34:35 com_github_MitjaNemec_ReplicateLayout.replicate_layout 835:Src fp.id: '5C573CA5-E95C-45BD-9745-045ABE412BCF'
02-19 07:34:35 com_github_MitjaNemec_ReplicateLayout.replicate_layout 839:Dst fp.id: '5C573CA5-E95C-45BD-9745-045ABE412BCF'
02-19 07:34:35 com_github_MitjaNemec_ReplicateLayout.replicate_layout 895:found match in dst footprint: 'R28'
02-19 07:34:35 com_github_MitjaNemec_ReplicateLayout.replicate_layout 990:Src text UUid:cdbd67be-d681-404e-8a53-34ef4e6638a4
02-19 07:34:35 com_github_MitjaNemec_ReplicateLayout.replicate_layout 991:Dst text UUid:ee14a4d3-9a4f-4492-a25d-27ccda6692d4
02-19 07:34:35 com_github_MitjaNemec_ReplicateLayout.replicate_layout 990:Src text UUid:2aabc641-2f95-4cc7-b2ac-d8fc16be83be
02-19 07:34:35 com_github_MitjaNemec_ReplicateLayout.replicate_layout 991:Dst text UUid:bb477ad5-ff33-4f28-a8b6-bf5ae60c2dff
02-19 07:34:35 com_github_MitjaNemec_ReplicateLayout.replicate_layout 990:Src text UUid:7cb38046-eb58-435b-8bec-d774a1f4c8be
02-19 07:34:35 com_github_MitjaNemec_ReplicateLayout.replicate_layout 991:Dst text UUid:f82fe419-9937-45f9-9c97-bb141f5507d5
02-19 07:34:35 com_github_MitjaNemec_ReplicateLayout.replicate_layout 888:Replicating footprint: 'R7'
02-19 07:34:35 com_github_MitjaNemec_ReplicateLayout.replicate_layout 835:Src fp.id: 'CAF4BA34-985A-4EDC-8CA4-82931BD05E30'
02-19 07:34:35 com_github_MitjaNemec_ReplicateLayout.replicate_layout 839:Dst fp.id: 'CAF4BA34-985A-4EDC-8CA4-82931BD05E30'
02-19 07:34:35 com_github_MitjaNemec_ReplicateLayout.replicate_layout 895:found match in dst footprint: 'R27'
02-19 07:34:35 com_github_MitjaNemec_ReplicateLayout.replicate_layout 990:Src text UUid:8ba53b1c-0d6a-48cc-a9d4-0a7c55dd55d0
02-19 07:34:35 com_github_MitjaNemec_ReplicateLayout.replicate_layout 991:Dst text UUid:3a065fed-7ba6-4e8c-8d5b-d2cb6e93cb94
02-19 07:34:35 com_github_MitjaNemec_ReplicateLayout.replicate_layout 990:Src text UUid:aa7f8b83-70c8-4f5d-8d1c-f01d0c736424
02-19 07:34:35 com_github_MitjaNemec_ReplicateLayout.replicate_layout 991:Dst text UUid:a518f65b-2a2a-44e5-ac08-37fc251100dc
02-19 07:34:35 com_github_MitjaNemec_ReplicateLayout.replicate_layout 990:Src text UUid:99a4a3d9-fafc-4357-b62a-2778a1d87fee
02-19 07:34:35 com_github_MitjaNemec_ReplicateLayout.replicate_layout 991:Dst text UUid:6d905c00-c5d1-47c5-a4bf-8a2f0637dbc3
02-19 07:34:35 com_github_MitjaNemec_ReplicateLayout.replicate_layout 888:Replicating footprint: 'R5'
02-19 07:34:35 com_github_MitjaNemec_ReplicateLayout.replicate_layout 835:Src fp.id: 'ABF80626-A043-432D-995D-6B3B76662E68'
02-19 07:34:35 com_github_MitjaNemec_ReplicateLayout.replicate_layout 839:Dst fp.id: 'ABF80626-A043-432D-995D-6B3B76662E68'
02-19 07:34:35 com_github_MitjaNemec_ReplicateLayout.replicate_layout 895:found match in dst footprint: 'R24'
02-19 07:34:35 com_github_MitjaNemec_ReplicateLayout.replicate_layout 990:Src text UUid:b896393f-ab96-40ad-a069-253272ec6fe6
02-19 07:34:35 com_github_MitjaNemec_ReplicateLayout.replicate_layout 991:Dst text UUid:a002503a-4c73-49ad-927a-96f0dd2c4637
02-19 07:34:35 com_github_MitjaNemec_ReplicateLayout.replicate_layout 990:Src text UUid:b0a3ff99-9de5-4d5c-a2ae-6b5e7be1567e
02-19 07:34:35 com_github_MitjaNemec_ReplicateLayout.replicate_layout 991:Dst text UUid:479b1c0d-dd6f-4d04-87bb-55455e9351ba
02-19 07:34:35 com_github_MitjaNemec_ReplicateLayout.replicate_layout 990:Src text UUid:d76e14e8-9c66-4fb2-b73e-735a1eec560e
02-19 07:34:35 com_github_MitjaNemec_ReplicateLayout.replicate_layout 991:Dst text UUid:fa3afb9e-2a0b-42d3-a4f5-21895f839334
02-19 07:34:35 com_github_MitjaNemec_ReplicateLayout.replicate_layout 888:Replicating footprint: 'R4'
02-19 07:34:35 com_github_MitjaNemec_ReplicateLayout.replicate_layout 835:Src fp.id: '244E7522-5443-4480-BA22-0148A9521A2E'
02-19 07:34:35 com_github_MitjaNemec_ReplicateLayout.replicate_layout 839:Dst fp.id: '244E7522-5443-4480-BA22-0148A9521A2E'
02-19 07:34:35 com_github_MitjaNemec_ReplicateLayout.replicate_layout 895:found match in dst footprint: 'R25'
02-19 07:34:35 com_github_MitjaNemec_ReplicateLayout.replicate_layout 990:Src text UUid:3bd51704-5100-48e1-8968-555591af1597
02-19 07:34:35 com_github_MitjaNemec_ReplicateLayout.replicate_layout 991:Dst text UUid:623a370c-7f84-4aca-8f35-fe334a99bdf3
02-19 07:34:35 com_github_MitjaNemec_ReplicateLayout.replicate_layout 990:Src text UUid:15de06a9-f6a5-4d30-8f0b-b99669a2ef88
02-19 07:34:35 com_github_MitjaNemec_ReplicateLayout.replicate_layout 991:Dst text UUid:797ca67a-3877-4fe1-b14b-5fb72785ccd1
02-19 07:34:35 com_github_MitjaNemec_ReplicateLayout.replicate_layout 990:Src text UUid:24cfd9ed-6a15-4e8f-a091-6c9001441d8a
02-19 07:34:35 com_github_MitjaNemec_ReplicateLayout.replicate_layout 991:Dst text UUid:95726072-4e76-4e91-81c8-618006e6ce70
02-19 07:34:35 com_github_MitjaNemec_ReplicateLayout.replicate_layout 888:Replicating footprint: 'Q2'
02-19 07:34:35 com_github_MitjaNemec_ReplicateLayout.replicate_layout 835:Src fp.id: '1C822403-61B3-4B08-B064-A3D3A6071203'
02-19 07:34:35 com_github_MitjaNemec_ReplicateLayout.replicate_layout 839:Dst fp.id: '1C822403-61B3-4B08-B064-A3D3A6071203'
02-19 07:34:35 com_github_MitjaNemec_ReplicateLayout.replicate_layout 895:found match in dst footprint: 'Q5'
02-19 07:34:35 com_github_MitjaNemec_ReplicateLayout.replicate_layout 990:Src text UUid:a796c4ae-e9ed-49d8-adb9-6a11e8473e07
02-19 07:34:35 com_github_MitjaNemec_ReplicateLayout.replicate_layout 991:Dst text UUid:afc7e3c1-9a77-4438-8940-d9127790d8c2
02-19 07:34:35 com_github_MitjaNemec_ReplicateLayout.replicate_layout 990:Src text UUid:26ca98f6-631d-4bfb-a640-c264a2ef1858
02-19 07:34:35 com_github_MitjaNemec_ReplicateLayout.replicate_layout 991:Dst text UUid:a572dc5c-5684-4db8-aeec-ecf26ea0544f
02-19 07:34:35 com_github_MitjaNemec_ReplicateLayout.replicate_layout 990:Src text UUid:71756b55-44ce-40f4-b50d-2cc18e9419fd
02-19 07:34:35 com_github_MitjaNemec_ReplicateLayout.replicate_layout 991:Dst text UUid:6180868b-4ee8-4891-b566-05bdd936acfc
02-19 07:34:35 com_github_MitjaNemec_ReplicateLayout.replicate_layout 888:Replicating footprint: 'Q1'
02-19 07:34:35 com_github_MitjaNemec_ReplicateLayout.replicate_layout 835:Src fp.id: '7C77CB19-D853-4B78-836A-9295DBBA40B9'
02-19 07:34:35 com_github_MitjaNemec_ReplicateLayout.replicate_layout 839:Dst fp.id: '7C77CB19-D853-4B78-836A-9295DBBA40B9'
02-19 07:34:35 com_github_MitjaNemec_ReplicateLayout.replicate_layout 895:found match in dst footprint: 'Q6'
02-19 07:34:35 com_github_MitjaNemec_ReplicateLayout.replicate_layout 990:Src text UUid:4f457c1b-efe0-4ffe-ab26-8fe2aa1140cc
02-19 07:34:35 com_github_MitjaNemec_ReplicateLayout.replicate_layout 991:Dst text UUid:b80d7c9c-a8d7-4bfb-a755-6f144c008602
02-19 07:34:35 com_github_MitjaNemec_ReplicateLayout.replicate_layout 990:Src text UUid:c25fb621-93ad-4567-89ed-91fb10bb8fc8
02-19 07:34:35 com_github_MitjaNemec_ReplicateLayout.replicate_layout 991:Dst text UUid:d60a3bbe-c6ce-4f81-96f3-f148dd36526f
02-19 07:34:35 com_github_MitjaNemec_ReplicateLayout.replicate_layout 990:Src text UUid:bb881372-fd02-460c-9b04-066d58b90cf9
02-19 07:34:35 com_github_MitjaNemec_ReplicateLayout.replicate_layout 991:Dst text UUid:04dcdc17-6994-487e-a050-c46d40da2d23
02-19 07:34:35 com_github_MitjaNemec_ReplicateLayout.replicate_layout 888:Replicating footprint: 'J2'
02-19 07:34:35 com_github_MitjaNemec_ReplicateLayout.replicate_layout 835:Src fp.id: '0009B243-959A-4943-9F5E-C2A413A87135'
02-19 07:34:35 com_github_MitjaNemec_ReplicateLayout.replicate_layout 839:Dst fp.id: '0009B243-959A-4943-9F5E-C2A413A87135'
02-19 07:34:35 com_github_MitjaNemec_ReplicateLayout.replicate_layout 895:found match in dst footprint: 'J7'
02-19 07:34:35 com_github_MitjaNemec_ReplicateLayout.replicate_layout 990:Src text UUid:ea342d18-043b-4512-a440-d503b01b8c02
02-19 07:34:35 com_github_MitjaNemec_ReplicateLayout.replicate_layout 991:Dst text UUid:fa39d869-2d58-4f32-afd5-4fd74330de54
02-19 07:34:35 com_github_MitjaNemec_ReplicateLayout.replicate_layout 990:Src text UUid:c77aad65-aa33-4d60-bf85-403dd224a862
02-19 07:34:35 com_github_MitjaNemec_ReplicateLayout.replicate_layout 991:Dst text UUid:8fcd24b4-c502-48c2-9f8f-864fc0abe2ef
02-19 07:34:35 com_github_MitjaNemec_ReplicateLayout.replicate_layout 888:Replicating footprint: 'R1'
02-19 07:34:35 com_github_MitjaNemec_ReplicateLayout.replicate_layout 835:Src fp.id: 'F8EAC6CC-7036-409F-B44B-36C5EC71EBE4'
02-19 07:34:35 com_github_MitjaNemec_ReplicateLayout.replicate_layout 839:Dst fp.id: 'F8EAC6CC-7036-409F-B44B-36C5EC71EBE4'
02-19 07:34:35 com_github_MitjaNemec_ReplicateLayout.replicate_layout 895:found match in dst footprint: 'R21'
02-19 07:34:35 com_github_MitjaNemec_ReplicateLayout.replicate_layout 990:Src text UUid:8abdeadf-4962-44d8-9ed3-f1547e1ee18b
02-19 07:34:35 com_github_MitjaNemec_ReplicateLayout.replicate_layout 991:Dst text UUid:65cee485-7a4a-439f-80e1-27c5ba6c29cd
02-19 07:34:35 com_github_MitjaNemec_ReplicateLayout.replicate_layout 990:Src text UUid:44f29376-a161-48aa-8df2-b462de40152d
02-19 07:34:35 com_github_MitjaNemec_ReplicateLayout.replicate_layout 991:Dst text UUid:e80c3133-30e9-49a9-84f1-a4efe67017d0
02-19 07:34:35 com_github_MitjaNemec_ReplicateLayout.replicate_layout 990:Src text UUid:f4391e6f-2864-4b48-a3da-b235fdfa1893
02-19 07:34:35 com_github_MitjaNemec_ReplicateLayout.replicate_layout 991:Dst text UUid:4bea709f-2c11-405c-986e-76d9c51e0d04
02-19 07:34:35 com_github_MitjaNemec_ReplicateLayout.replicate_layout 888:Replicating footprint: 'R2'
02-19 07:34:35 com_github_MitjaNemec_ReplicateLayout.replicate_layout 835:Src fp.id: '49BFCC6C-3023-497A-8A5D-34A97E634B48'
02-19 07:34:35 com_github_MitjaNemec_ReplicateLayout.replicate_layout 839:Dst fp.id: '49BFCC6C-3023-497A-8A5D-34A97E634B48'
02-19 07:34:35 com_github_MitjaNemec_ReplicateLayout.replicate_layout 895:found match in dst footprint: 'R22'
02-19 07:34:35 com_github_MitjaNemec_ReplicateLayout.replicate_layout 990:Src text UUid:02cab34b-7e88-4872-913c-5f6a724b4557
02-19 07:34:35 com_github_MitjaNemec_ReplicateLayout.replicate_layout 991:Dst text UUid:96cb0f5f-57d6-466f-a2bf-bd66c6079d26
02-19 07:34:35 com_github_MitjaNemec_ReplicateLayout.replicate_layout 990:Src text UUid:41efe328-530a-450b-aed4-dd1a27448a95
02-19 07:34:35 com_github_MitjaNemec_ReplicateLayout.replicate_layout 991:Dst text UUid:f9be06c2-4554-4f02-9ae7-3c3c2748bd50
02-19 07:34:35 com_github_MitjaNemec_ReplicateLayout.replicate_layout 990:Src text UUid:e6115f9a-0e75-440c-a2a0-fa1f8e6899c5
02-19 07:34:35 com_github_MitjaNemec_ReplicateLayout.replicate_layout 991:Dst text UUid:64fcd92b-eff1-4532-ba9b-3cb3d76cb286
02-19 07:34:35 com_github_MitjaNemec_ReplicateLayout.replicate_layout 888:Replicating footprint: 'R3'
02-19 07:34:35 com_github_MitjaNemec_ReplicateLayout.replicate_layout 835:Src fp.id: '79B480D1-BB3C-47ED-90D8-DD2160DF1DF3'
02-19 07:34:35 com_github_MitjaNemec_ReplicateLayout.replicate_layout 839:Dst fp.id: '79B480D1-BB3C-47ED-90D8-DD2160DF1DF3'
02-19 07:34:35 com_github_MitjaNemec_ReplicateLayout.replicate_layout 895:found match in dst footprint: 'R23'
02-19 07:34:35 com_github_MitjaNemec_ReplicateLayout.replicate_layout 990:Src text UUid:841e136c-3cb1-4d06-bc18-20149d3e41ca
02-19 07:34:35 com_github_MitjaNemec_ReplicateLayout.replicate_layout 991:Dst text UUid:05807b6c-7942-4f72-a1db-fd39e2384fad
02-19 07:34:35 com_github_MitjaNemec_ReplicateLayout.replicate_layout 990:Src text UUid:b7fa12bb-a0f3-4c79-8ea8-d953e5491417
02-19 07:34:35 com_github_MitjaNemec_ReplicateLayout.replicate_layout 991:Dst text UUid:20b8d6e5-8ea3-4ae0-8a7e-dd9a670fa9fb
02-19 07:34:35 com_github_MitjaNemec_ReplicateLayout.replicate_layout 990:Src text UUid:46ead436-7006-4984-9e79-8072ce014251
02-19 07:34:35 com_github_MitjaNemec_ReplicateLayout.replicate_layout 991:Dst text UUid:874fc397-3552-4320-9e6e-b583aa23247b
02-19 07:34:35 com_github_MitjaNemec_ReplicateLayout.replicate_layout 888:Replicating footprint: 'J1'
02-19 07:34:35 com_github_MitjaNemec_ReplicateLayout.replicate_layout 835:Src fp.id: '45622FD7-E9CD-4534-A1A2-E07A6EFC48A2'
02-19 07:34:35 com_github_MitjaNemec_ReplicateLayout.replicate_layout 839:Dst fp.id: '45622FD7-E9CD-4534-A1A2-E07A6EFC48A2'
02-19 07:34:35 com_github_MitjaNemec_ReplicateLayout.replicate_layout 895:found match in dst footprint: 'J6'
02-19 07:34:35 com_github_MitjaNemec_ReplicateLayout.replicate_layout 990:Src text UUid:0dbe9306-3c82-45f2-a764-ef872c83db4e
02-19 07:34:35 com_github_MitjaNemec_ReplicateLayout.replicate_layout 991:Dst text UUid:b33fbfb5-2d95-4621-a063-990592cb31c6
02-19 07:34:35 com_github_MitjaNemec_ReplicateLayout.replicate_layout 990:Src text UUid:33b6e16a-8674-4ea0-a5ca-1ff2d098b4db
02-19 07:34:35 com_github_MitjaNemec_ReplicateLayout.replicate_layout 991:Dst text UUid:d7cb24af-d288-438d-82b1-a89f0f11a7c4
02-19 07:34:35 com_github_MitjaNemec_ReplicateLayout.replicate_layout 888:Replicating footprint: 'C2'
02-19 07:34:35 com_github_MitjaNemec_ReplicateLayout.replicate_layout 835:Src fp.id: '6754937B-47CA-4FA4-A3B6-2766A5159CEB'
02-19 07:34:35 com_github_MitjaNemec_ReplicateLayout.replicate_layout 839:Dst fp.id: '6754937B-47CA-4FA4-A3B6-2766A5159CEB'
02-19 07:34:35 com_github_MitjaNemec_ReplicateLayout.replicate_layout 895:found match in dst footprint: 'C12'
02-19 07:34:35 com_github_MitjaNemec_ReplicateLayout.replicate_layout 990:Src text UUid:b9a4aec5-9b50-487b-9e21-aa0f83dc86df
02-19 07:34:35 com_github_MitjaNemec_ReplicateLayout.replicate_layout 991:Dst text UUid:9b8b3e8c-626d-4cab-a79d-9cae2e6dc858
02-19 07:34:35 com_github_MitjaNemec_ReplicateLayout.replicate_layout 990:Src text UUid:8884e1c8-5a0e-4093-9666-49b87086c8f8
02-19 07:34:35 com_github_MitjaNemec_ReplicateLayout.replicate_layout 991:Dst text UUid:812daa49-756e-44ed-831d-cfd64c09f254
02-19 07:34:35 com_github_MitjaNemec_ReplicateLayout.replicate_layout 990:Src text UUid:af7af203-18a3-403d-8dd1-d6911138f021
02-19 07:34:35 com_github_MitjaNemec_ReplicateLayout.replicate_layout 991:Dst text UUid:84906b8d-fa98-4794-ab93-96c3eb31cbe0
02-19 07:34:35 com_github_MitjaNemec_ReplicateLayout.replicate_layout 888:Replicating footprint: 'C1'
02-19 07:34:35 com_github_MitjaNemec_ReplicateLayout.replicate_layout 835:Src fp.id: '3E96E9C5-607D-40B0-902E-CE4ACEA013F4'
02-19 07:34:35 com_github_MitjaNemec_ReplicateLayout.replicate_layout 839:Dst fp.id: '3E96E9C5-607D-40B0-902E-CE4ACEA013F4'
02-19 07:34:35 com_github_MitjaNemec_ReplicateLayout.replicate_layout 895:found match in dst footprint: 'C11'
02-19 07:34:35 com_github_MitjaNemec_ReplicateLayout.replicate_layout 990:Src text UUid:6087d79c-946a-4fb9-b395-7fd5fedad502
02-19 07:34:35 com_github_MitjaNemec_ReplicateLayout.replicate_layout 991:Dst text UUid:3618b93a-4ed0-485c-a0d8-e70ac31c9144
02-19 07:34:35 com_github_MitjaNemec_ReplicateLayout.replicate_layout 990:Src text UUid:1c4344af-8789-406d-a184-8cc06d6989cc
02-19 07:34:35 com_github_MitjaNemec_ReplicateLayout.replicate_layout 991:Dst text UUid:d26b64f9-6d4a-47d8-b593-a24c3b1b2d8a
02-19 07:34:35 com_github_MitjaNemec_ReplicateLayout.replicate_layout 990:Src text UUid:7b86d848-acf5-443b-a6a1-c13dc3720c9f
02-19 07:34:35 com_github_MitjaNemec_ReplicateLayout.replicate_layout 991:Dst text UUid:353cb934-4853-4742-a0db-47c92808db40
02-19 07:34:35 com_github_MitjaNemec_ReplicateLayout.replicate_layout 888:Replicating footprint: 'D1'
02-19 07:34:35 com_github_MitjaNemec_ReplicateLayout.replicate_layout 835:Src fp.id: 'A9F435D6-3DFD-441F-933C-CD73D4A19A99'
02-19 07:34:35 com_github_MitjaNemec_ReplicateLayout.replicate_layout 839:Dst fp.id: 'A9F435D6-3DFD-441F-933C-CD73D4A19A99'
02-19 07:34:35 com_github_MitjaNemec_ReplicateLayout.replicate_layout 895:found match in dst footprint: 'D5'
02-19 07:34:35 com_github_MitjaNemec_ReplicateLayout.replicate_layout 990:Src text UUid:1596d85f-65f5-4dd6-9939-ee6b1487790f
02-19 07:34:35 com_github_MitjaNemec_ReplicateLayout.replicate_layout 991:Dst text UUid:032125b5-5018-463f-8580-bff5ce23a227
02-19 07:34:35 com_github_MitjaNemec_ReplicateLayout.replicate_layout 990:Src text UUid:3bd23318-a974-4836-bc5d-1c4bdbb81381
02-19 07:34:35 com_github_MitjaNemec_ReplicateLayout.replicate_layout 991:Dst text UUid:39c77f9c-1ee4-480d-a7e3-5d2f846192d8
02-19 07:34:35 com_github_MitjaNemec_ReplicateLayout.replicate_layout 990:Src text UUid:b67246f3-579a-4314-8cc1-a934cf4261cc
02-19 07:34:35 com_github_MitjaNemec_ReplicateLayout.replicate_layout 991:Dst text UUid:80aea74d-1877-4220-ad1f-6a019d5343de
02-19 07:34:35 com_github_MitjaNemec_ReplicateLayout.replicate_layout 888:Replicating footprint: 'D2'
02-19 07:34:35 com_github_MitjaNemec_ReplicateLayout.replicate_layout 835:Src fp.id: '1139925A-C3CB-4C50-8E1B-6A398DBEDD34'
02-19 07:34:35 com_github_MitjaNemec_ReplicateLayout.replicate_layout 839:Dst fp.id: '1139925A-C3CB-4C50-8E1B-6A398DBEDD34'
02-19 07:34:35 com_github_MitjaNemec_ReplicateLayout.replicate_layout 895:found match in dst footprint: 'D6'
02-19 07:34:35 com_github_MitjaNemec_ReplicateLayout.replicate_layout 990:Src text UUid:e5374c36-614e-477a-b402-8a8cd03a0769
02-19 07:34:35 com_github_MitjaNemec_ReplicateLayout.replicate_layout 991:Dst text UUid:d5c5ac08-661d-49f3-ad16-639ba842f90f
02-19 07:34:35 com_github_MitjaNemec_ReplicateLayout.replicate_layout 990:Src text UUid:f590eff8-8e56-4d64-be9f-1aa92af27be5
02-19 07:34:35 com_github_MitjaNemec_ReplicateLayout.replicate_layout 991:Dst text UUid:020bc6f2-4379-4695-bbec-c0e4e8151c2f
02-19 07:34:35 com_github_MitjaNemec_ReplicateLayout.replicate_layout 990:Src text UUid:595e4cd6-0e56-42df-85ff-2ca31883e522
02-19 07:34:35 com_github_MitjaNemec_ReplicateLayout.replicate_layout 991:Dst text UUid:8fd36376-32f7-46d5-aa0d-8538a0a119ab
02-19 07:34:35 root 340:updating GUI message: 'Replicating tracks'
02-19 07:34:35 com_github_MitjaNemec_ReplicateLayout.replicate_layout 1014:Replicating tracks
02-19 07:34:35 com_github_MitjaNemec_ReplicateLayout.replicate_layout 1020:Replicating tracks on sheet ['/lfo1/']
02-19 07:34:35 com_github_MitjaNemec_ReplicateLayout.replicate_layout 835:Src fp.id: '2CA89587-735A-4669-B568-645F28F29E92'
02-19 07:34:35 com_github_MitjaNemec_ReplicateLayout.replicate_layout 839:Dst fp.id: '2CA89587-735A-4669-B568-645F28F29E92'
02-19 07:34:35 com_github_MitjaNemec_ReplicateLayout.replicate_layout 792:Net pairs for sheet ['/lfo1/'] :[('Net-(R3-Pad2)', 'Net-(R13-Pad2)'), ('-5V', '-5V'), ('GND', 'GND'), ('Net-(Q2-B)', 'Net-(Q3-B)'), ('', ''), ('+5V', '+5V'), ('Net-(Q1-B)', 'Net-(Q4-B)'), ('Net-(R5-Pad2)', 'Net-(R14-Pad2)'), ('Net-(J2-Pin_1)', 'Net-(J5-Pin_1)'), ('Net-(J1-Pin_1)', 'Net-(J4-Pin_1)'), ('Net-(Q2-C)', 'Net-(Q3-C)'), ('Net-(Q2-E)', 'Net-(Q3-E)'), ('Net-(U1A--)', 'Net-(U2A--)'), ('Net-(C3-Pad1)', 'Net-(C9-Pad1)'), ('unconnected-(D1-Pad1)', 'unconnected-(D3-Pad1)'), ('Net-(D2-K)', 'Net-(D4-K)'), ('Net-(U1A-+)', 'Net-(U2A-+)'), ('Net-(D2-A)', 'Net-(D4-A)')]
02-19 07:34:35 root 345:updating GUI with: 0
02-19 07:34:35 com_github_MitjaNemec_ReplicateLayout.replicate_layout 1020:Replicating tracks on sheet ['/lfo2/']
02-19 07:34:35 com_github_MitjaNemec_ReplicateLayout.replicate_layout 835:Src fp.id: '2CA89587-735A-4669-B568-645F28F29E92'
02-19 07:34:35 com_github_MitjaNemec_ReplicateLayout.replicate_layout 839:Dst fp.id: '2CA89587-735A-4669-B568-645F28F29E92'
02-19 07:34:35 com_github_MitjaNemec_ReplicateLayout.replicate_layout 792:Net pairs for sheet ['/lfo2/'] :[('-5V', '-5V'), ('GND', 'GND'), ('Net-(Q2-C)', 'Net-(Q5-C)'), ('', ''), ('Net-(R5-Pad2)', 'Net-(R24-Pad2)'), ('+5V', '+5V'), ('Net-(Q2-B)', 'Net-(Q5-B)'), ('Net-(C3-Pad1)', 'Net-(C13-Pad1)'), ('Net-(D2-K)', 'Net-(D6-K)'), ('unconnected-(D1-Pad1)', 'unconnected-(D5-Pad1)'), ('Net-(J1-Pin_1)', 'Net-(J6-Pin_1)'), ('Net-(R3-Pad2)', 'Net-(R23-Pad2)'), ('Net-(D2-A)', 'Net-(D6-A)'), ('Net-(U1A--)', 'Net-(U3A--)'), ('Net-(U1A-+)', 'Net-(U3A-+)'), ('Net-(J2-Pin_1)', 'Net-(J7-Pin_1)'), ('Net-(Q1-B)', 'Net-(Q6-B)'), ('Net-(Q2-E)', 'Net-(Q5-E)')]
02-19 07:34:35 root 340:updating GUI message: 'Replicating zones'
02-19 07:34:35 com_github_MitjaNemec_ReplicateLayout.replicate_layout 1084:Replicating zones
02-19 07:34:35 com_github_MitjaNemec_ReplicateLayout.replicate_layout 1091:Replicating zones on sheet ['/lfo1/']
02-19 07:34:35 com_github_MitjaNemec_ReplicateLayout.replicate_layout 835:Src fp.id: '2CA89587-735A-4669-B568-645F28F29E92'
02-19 07:34:35 com_github_MitjaNemec_ReplicateLayout.replicate_layout 839:Dst fp.id: '2CA89587-735A-4669-B568-645F28F29E92'
02-19 07:34:35 com_github_MitjaNemec_ReplicateLayout.replicate_layout 792:Net pairs for sheet ['/lfo1/'] :[('Net-(R3-Pad2)', 'Net-(R13-Pad2)'), ('-5V', '-5V'), ('GND', 'GND'), ('Net-(Q2-B)', 'Net-(Q3-B)'), ('', ''), ('+5V', '+5V'), ('Net-(Q1-B)', 'Net-(Q4-B)'), ('Net-(R5-Pad2)', 'Net-(R14-Pad2)'), ('Net-(J2-Pin_1)', 'Net-(J5-Pin_1)'), ('Net-(J1-Pin_1)', 'Net-(J4-Pin_1)'), ('Net-(Q2-C)', 'Net-(Q3-C)'), ('Net-(Q2-E)', 'Net-(Q3-E)'), ('Net-(U1A--)', 'Net-(U2A--)'), ('Net-(C3-Pad1)', 'Net-(C9-Pad1)'), ('unconnected-(D1-Pad1)', 'unconnected-(D3-Pad1)'), ('Net-(D2-K)', 'Net-(D4-K)'), ('Net-(U1A-+)', 'Net-(U2A-+)'), ('Net-(D2-A)', 'Net-(D4-A)')]
02-19 07:34:35 com_github_MitjaNemec_ReplicateLayout.replicate_layout 1091:Replicating zones on sheet ['/lfo2/']
02-19 07:34:35 com_github_MitjaNemec_ReplicateLayout.replicate_layout 835:Src fp.id: '2CA89587-735A-4669-B568-645F28F29E92'
02-19 07:34:35 com_github_MitjaNemec_ReplicateLayout.replicate_layout 839:Dst fp.id: '2CA89587-735A-4669-B568-645F28F29E92'
02-19 07:34:35 com_github_MitjaNemec_ReplicateLayout.replicate_layout 792:Net pairs for sheet ['/lfo2/'] :[('-5V', '-5V'), ('GND', 'GND'), ('Net-(Q2-C)', 'Net-(Q5-C)'), ('', ''), ('Net-(R5-Pad2)', 'Net-(R24-Pad2)'), ('+5V', '+5V'), ('Net-(Q2-B)', 'Net-(Q5-B)'), ('Net-(C3-Pad1)', 'Net-(C13-Pad1)'), ('Net-(D2-K)', 'Net-(D6-K)'), ('unconnected-(D1-Pad1)', 'unconnected-(D5-Pad1)'), ('Net-(J1-Pin_1)', 'Net-(J6-Pin_1)'), ('Net-(R3-Pad2)', 'Net-(R23-Pad2)'), ('Net-(D2-A)', 'Net-(D6-A)'), ('Net-(U1A--)', 'Net-(U3A--)'), ('Net-(U1A-+)', 'Net-(U3A-+)'), ('Net-(J2-Pin_1)', 'Net-(J7-Pin_1)'), ('Net-(Q1-B)', 'Net-(Q6-B)'), ('Net-(Q2-E)', 'Net-(Q5-E)')]
02-19 07:34:35 root 340:updating GUI message: 'Replicating text'
02-19 07:34:35 com_github_MitjaNemec_ReplicateLayout.replicate_layout 1173:Replicating text
02-19 07:34:35 com_github_MitjaNemec_ReplicateLayout.replicate_layout 1180:Replicating text on sheet ['/lfo1/']
02-19 07:34:35 com_github_MitjaNemec_ReplicateLayout.replicate_layout 835:Src fp.id: '2CA89587-735A-4669-B568-645F28F29E92'
02-19 07:34:35 com_github_MitjaNemec_ReplicateLayout.replicate_layout 839:Dst fp.id: '2CA89587-735A-4669-B568-645F28F29E92'
02-19 07:34:35 com_github_MitjaNemec_ReplicateLayout.replicate_layout 1180:Replicating text on sheet ['/lfo2/']
02-19 07:34:35 com_github_MitjaNemec_ReplicateLayout.replicate_layout 835:Src fp.id: '2CA89587-735A-4669-B568-645F28F29E92'
02-19 07:34:35 com_github_MitjaNemec_ReplicateLayout.replicate_layout 839:Dst fp.id: '2CA89587-735A-4669-B568-645F28F29E92'
02-19 07:34:35 root 340:updating GUI message: 'Replicating drawings'
02-19 07:34:35 com_github_MitjaNemec_ReplicateLayout.replicate_layout 1224:Replicating drawings
02-19 07:34:35 com_github_MitjaNemec_ReplicateLayout.replicate_layout 1230:Replicating drawings on sheet ['/lfo1/']
02-19 07:34:35 com_github_MitjaNemec_ReplicateLayout.replicate_layout 835:Src fp.id: '2CA89587-735A-4669-B568-645F28F29E92'
02-19 07:34:35 com_github_MitjaNemec_ReplicateLayout.replicate_layout 839:Dst fp.id: '2CA89587-735A-4669-B568-645F28F29E92'
02-19 07:34:35 com_github_MitjaNemec_ReplicateLayout.replicate_layout 1230:Replicating drawings on sheet ['/lfo2/']
02-19 07:34:35 com_github_MitjaNemec_ReplicateLayout.replicate_layout 835:Src fp.id: '2CA89587-735A-4669-B568-645F28F29E92'
02-19 07:34:35 com_github_MitjaNemec_ReplicateLayout.replicate_layout 839:Dst fp.id: '2CA89587-735A-4669-B568-645F28F29E92'
02-19 07:34:35 com_github_MitjaNemec_ReplicateLayout.action_replicate_layout 264:Replication complete
