03-29 12:28:18 com_github_MitjaNemec_ReplicateLayout.action_replicate_layout 409:Plugin executed on: 'darwin'
03-29 12:28:18 com_github_MitjaNemec_ReplicateLayout.action_replicate_layout 410:Plugin executed with python version: '3.9.13 (v3.9.13:6de2ca5339, May 17 2022, 11:37:23) \n[Clang 13.0.0 (clang-1300.0.29.30)]'
03-29 12:28:18 com_github_MitjaNemec_ReplicateLayout.action_replicate_layout 411:KiCad build version: 9.0.5
03-29 12:28:18 com_github_MitjaNemec_ReplicateLayout.action_replicate_layout 412:Plugin version: 4.0.3
03-29 12:28:18 com_github_MitjaNemec_ReplicateLayout.action_replicate_layout 413:Frame repr: <wx._core.Frame object at 0x15e454e50>
03-29 12:28:18 com_github_MitjaNemec_ReplicateLayout.action_replicate_layout 437:Preparing replicator with RV1 as a reference
03-29 12:28:18 com_github_MitjaNemec_ReplicateLayout.replicate_layout 117:getting a list of all footprints on board
03-29 12:28:18 com_github_MitjaNemec_ReplicateLayout.action_replicate_layout 485:source anchor footprint is 'RV1'
Located on: ['/channel/']
With filenames: ['sk500channel.kicad_sch']
With sheet_id:['/channel/']
03-29 12:28:18 com_github_MitjaNemec_ReplicateLayout.action_replicate_layout 492:Corresponding footprints are 
[('RV2', ['/channel1/']), ('RV1', ['/channel/'])]
03-29 12:28:18 com_github_MitjaNemec_ReplicateLayout.action_replicate_layout 504:Showing dialog
03-29 12:28:18 com_github_MitjaNemec_ReplicateLayout.replicate_layout 472:constructing a list of sheets suitable for replication on level:'/channel/', file:'sk500channel.kicad_sch'
03-29 12:28:18 com_github_MitjaNemec_ReplicateLayout.replicate_layout 509:suitable sheets are:[['/channel1/']]
03-29 12:28:18 com_github_MitjaNemec_ReplicateLayout.replicate_layout 1512:Level selected: ['/channel/']
03-29 12:28:18 com_github_MitjaNemec_ReplicateLayout.replicate_layout 1336:Filtering list of tracks
03-29 12:28:18 com_github_MitjaNemec_ReplicateLayout.action_replicate_layout 510:Toolbar position: wx.Point(1566, 87)
03-29 12:28:18 com_github_MitjaNemec_ReplicateLayout.action_replicate_layout 515:Dialog position: wx.Point(1127, 87)
03-29 12:28:21 com_github_MitjaNemec_ReplicateLayout.replicate_layout 472:constructing a list of sheets suitable for replication on level:'/channel/', file:'sk500channel.kicad_sch'
03-29 12:28:21 com_github_MitjaNemec_ReplicateLayout.replicate_layout 509:suitable sheets are:[['/channel1/']]
03-29 12:28:21 com_github_MitjaNemec_ReplicateLayout.action_replicate_layout 248:Replicating layout
03-29 12:28:21 com_github_MitjaNemec_ReplicateLayout.replicate_layout 288:Starting replication of sheets: [['/channel1/']]
on level: ['/channel/']
with tracks=True, zone=True, text=True, text=True, intersecting=False, remove=False, locked footprints=False, group_only=False
03-29 12:28:21 root 340:updating GUI message: 'Preparing for replication'
03-29 12:28:21 root 345:updating GUI with: 0
03-29 12:28:21 com_github_MitjaNemec_ReplicateLayout.replicate_layout 358:Getting the list of source footprints
03-29 12:28:21 com_github_MitjaNemec_ReplicateLayout.replicate_layout 368:Getting the list of all the remaining footprints
03-29 12:28:21 com_github_MitjaNemec_ReplicateLayout.replicate_layout 375:Getting source tracks
03-29 12:28:21 com_github_MitjaNemec_ReplicateLayout.replicate_layout 1336:Filtering list of tracks
03-29 12:28:21 com_github_MitjaNemec_ReplicateLayout.replicate_layout 379:Getting source zones
03-29 12:28:21 com_github_MitjaNemec_ReplicateLayout.replicate_layout 383:Getting source text items
03-29 12:28:21 com_github_MitjaNemec_ReplicateLayout.replicate_layout 387:Getting source drawing items
03-29 12:28:21 root 340:updating GUI message: 'Replicating footprints'
03-29 12:28:21 com_github_MitjaNemec_ReplicateLayout.replicate_layout 863:Replicating footprints
03-29 12:28:21 com_github_MitjaNemec_ReplicateLayout.replicate_layout 870:Replicating footprints on sheet ['/channel1/']
03-29 12:28:21 com_github_MitjaNemec_ReplicateLayout.replicate_layout 835:Src fp.id: '1636C8AD-AAB4-44DC-8B22-5EAE2F024B1B'
03-29 12:28:21 com_github_MitjaNemec_ReplicateLayout.replicate_layout 839:Dst fp.id: '1636C8AD-AAB4-44DC-8B22-5EAE2F024B1B'
03-29 12:28:21 com_github_MitjaNemec_ReplicateLayout.replicate_layout 888:Replicating footprint: 'RV1'
03-29 12:28:21 com_github_MitjaNemec_ReplicateLayout.replicate_layout 835:Src fp.id: '1636C8AD-AAB4-44DC-8B22-5EAE2F024B1B'
03-29 12:28:21 com_github_MitjaNemec_ReplicateLayout.replicate_layout 839:Dst fp.id: '1636C8AD-AAB4-44DC-8B22-5EAE2F024B1B'
03-29 12:28:21 com_github_MitjaNemec_ReplicateLayout.replicate_layout 895:found match in dst footprint: 'RV2'
03-29 12:28:21 com_github_MitjaNemec_ReplicateLayout.replicate_layout 990:Src text UUid:d970626b-ba3c-4031-99e0-99dc08633556
03-29 12:28:21 com_github_MitjaNemec_ReplicateLayout.replicate_layout 991:Dst text UUid:b15eec09-7d5c-4dc5-9b55-e9c40b5a0ce8
03-29 12:28:21 com_github_MitjaNemec_ReplicateLayout.replicate_layout 990:Src text UUid:d2b3093d-950f-481a-956e-364a2b38bd39
03-29 12:28:21 com_github_MitjaNemec_ReplicateLayout.replicate_layout 991:Dst text UUid:e9cdcaba-ee15-45d5-9fb6-8244577f5486
03-29 12:28:21 com_github_MitjaNemec_ReplicateLayout.replicate_layout 990:Src text UUid:a6f4f5ac-1834-4659-a8d5-a978db32ff29
03-29 12:28:21 com_github_MitjaNemec_ReplicateLayout.replicate_layout 991:Dst text UUid:ce5d8c4d-a3af-4670-bba2-7f9bb0f75965
03-29 12:28:21 com_github_MitjaNemec_ReplicateLayout.replicate_layout 888:Replicating footprint: 'C5'
03-29 12:28:21 root 345:updating GUI with: 18
03-29 12:28:21 com_github_MitjaNemec_ReplicateLayout.replicate_layout 835:Src fp.id: '6F3364D4-8C93-4845-891B-7A974E78167D'
03-29 12:28:21 com_github_MitjaNemec_ReplicateLayout.replicate_layout 839:Dst fp.id: '6F3364D4-8C93-4845-891B-7A974E78167D'
03-29 12:28:21 com_github_MitjaNemec_ReplicateLayout.replicate_layout 895:found match in dst footprint: 'C7'
03-29 12:28:21 com_github_MitjaNemec_ReplicateLayout.replicate_layout 990:Src text UUid:a737614b-ec0d-4ba4-86be-7c0501c45d05
03-29 12:28:21 com_github_MitjaNemec_ReplicateLayout.replicate_layout 991:Dst text UUid:f33e6983-0fa8-47d0-b360-ce6ad7516695
03-29 12:28:21 com_github_MitjaNemec_ReplicateLayout.replicate_layout 990:Src text UUid:8ef32df6-8603-4901-8bb0-ab241bb742e6
03-29 12:28:21 com_github_MitjaNemec_ReplicateLayout.replicate_layout 991:Dst text UUid:53568293-236b-401e-889f-068a7b99919e
03-29 12:28:21 com_github_MitjaNemec_ReplicateLayout.replicate_layout 990:Src text UUid:ac7109cc-b930-4390-9046-dffff7700271
03-29 12:28:21 com_github_MitjaNemec_ReplicateLayout.replicate_layout 991:Dst text UUid:115ba640-0adb-4561-996c-1cb3838430f8
03-29 12:28:21 com_github_MitjaNemec_ReplicateLayout.replicate_layout 888:Replicating footprint: 'C2'
03-29 12:28:21 com_github_MitjaNemec_ReplicateLayout.replicate_layout 835:Src fp.id: 'CB7E4A22-11FB-42A2-ABFF-AFB0E269185C'
03-29 12:28:21 com_github_MitjaNemec_ReplicateLayout.replicate_layout 839:Dst fp.id: 'CB7E4A22-11FB-42A2-ABFF-AFB0E269185C'
03-29 12:28:21 com_github_MitjaNemec_ReplicateLayout.replicate_layout 895:found match in dst footprint: 'C6'
03-29 12:28:21 com_github_MitjaNemec_ReplicateLayout.replicate_layout 990:Src text UUid:82f44395-6c85-4a3e-8a7c-27970ab5deb4
03-29 12:28:21 com_github_MitjaNemec_ReplicateLayout.replicate_layout 991:Dst text UUid:433cf051-4a3d-4b0c-9124-cab58e90067d
03-29 12:28:21 com_github_MitjaNemec_ReplicateLayout.replicate_layout 990:Src text UUid:2c8d4623-e547-4949-83ea-262db57abc21
03-29 12:28:21 com_github_MitjaNemec_ReplicateLayout.replicate_layout 991:Dst text UUid:d69b74f8-1489-49f5-a3a0-3a6b0264e512
03-29 12:28:21 com_github_MitjaNemec_ReplicateLayout.replicate_layout 990:Src text UUid:1b3f761a-5f8f-4ac3-9862-4fc4152815d1
03-29 12:28:21 com_github_MitjaNemec_ReplicateLayout.replicate_layout 991:Dst text UUid:498bd899-054c-443e-be25-0cdb214e3298
03-29 12:28:21 com_github_MitjaNemec_ReplicateLayout.replicate_layout 888:Replicating footprint: 'U1'
03-29 12:28:21 com_github_MitjaNemec_ReplicateLayout.replicate_layout 835:Src fp.id: '603076FF'
03-29 12:28:21 com_github_MitjaNemec_ReplicateLayout.replicate_layout 839:Dst fp.id: '603076FF'
03-29 12:28:21 com_github_MitjaNemec_ReplicateLayout.replicate_layout 895:found match in dst footprint: 'U2'
03-29 12:28:21 com_github_MitjaNemec_ReplicateLayout.replicate_layout 990:Src text UUid:a9d4dc72-e7ee-4bc1-a4b4-ee8b6eed2da8
03-29 12:28:21 com_github_MitjaNemec_ReplicateLayout.replicate_layout 991:Dst text UUid:51f3e80e-59a5-49a3-b026-1fbf443fae73
03-29 12:28:21 com_github_MitjaNemec_ReplicateLayout.replicate_layout 990:Src text UUid:ee0873c2-e528-41ef-b727-f05442dd8a83
03-29 12:28:21 com_github_MitjaNemec_ReplicateLayout.replicate_layout 991:Dst text UUid:ade31472-7fc7-4e20-aeb8-2c41d820b153
03-29 12:28:21 com_github_MitjaNemec_ReplicateLayout.replicate_layout 990:Src text UUid:06af8039-15da-46c9-84c2-4a143a4dd4a5
03-29 12:28:21 com_github_MitjaNemec_ReplicateLayout.replicate_layout 991:Dst text UUid:de78b4fd-25ed-4b16-b803-49af1a9f8931
03-29 12:28:21 com_github_MitjaNemec_ReplicateLayout.replicate_layout 888:Replicating footprint: 'R15'
03-29 12:28:21 com_github_MitjaNemec_ReplicateLayout.replicate_layout 835:Src fp.id: 'D7BCA9B6-CAA5-460F-BF02-7B8CD3CBBE47'
03-29 12:28:21 com_github_MitjaNemec_ReplicateLayout.replicate_layout 839:Dst fp.id: 'D7BCA9B6-CAA5-460F-BF02-7B8CD3CBBE47'
03-29 12:28:21 com_github_MitjaNemec_ReplicateLayout.replicate_layout 895:found match in dst footprint: 'R4'
03-29 12:28:21 com_github_MitjaNemec_ReplicateLayout.replicate_layout 990:Src text UUid:275736d3-93cd-4ac2-be3e-51ff4873d5e2
03-29 12:28:21 com_github_MitjaNemec_ReplicateLayout.replicate_layout 991:Dst text UUid:588ae14a-78ef-4c15-8423-ac85bd01f591
03-29 12:28:21 com_github_MitjaNemec_ReplicateLayout.replicate_layout 990:Src text UUid:42c7ec28-62ae-4c39-9e78-d61708c65929
03-29 12:28:21 com_github_MitjaNemec_ReplicateLayout.replicate_layout 991:Dst text UUid:1126d4b6-e8f3-4158-af9c-c1f2b2797255
03-29 12:28:21 com_github_MitjaNemec_ReplicateLayout.replicate_layout 990:Src text UUid:2c2ef978-72ec-47e5-b63d-cce014c041f0
03-29 12:28:21 com_github_MitjaNemec_ReplicateLayout.replicate_layout 991:Dst text UUid:71e2e519-58ed-4b20-9b75-640c4878afc0
03-29 12:28:21 com_github_MitjaNemec_ReplicateLayout.replicate_layout 888:Replicating footprint: 'R9'
03-29 12:28:21 com_github_MitjaNemec_ReplicateLayout.replicate_layout 835:Src fp.id: 'D2913B0D-490C-474B-925E-1A55427B833C'
03-29 12:28:21 com_github_MitjaNemec_ReplicateLayout.replicate_layout 839:Dst fp.id: 'D2913B0D-490C-474B-925E-1A55427B833C'
03-29 12:28:21 com_github_MitjaNemec_ReplicateLayout.replicate_layout 895:found match in dst footprint: 'R3'
03-29 12:28:21 com_github_MitjaNemec_ReplicateLayout.replicate_layout 990:Src text UUid:fcfd38ee-11fe-4caf-9f64-0c7f6e4ffd2b
03-29 12:28:21 com_github_MitjaNemec_ReplicateLayout.replicate_layout 991:Dst text UUid:2d3ac7cf-996b-4ad2-be33-5721970ee4ba
03-29 12:28:21 com_github_MitjaNemec_ReplicateLayout.replicate_layout 990:Src text UUid:7aba143e-c69b-48bd-84bb-e6f7ac883e1a
03-29 12:28:21 com_github_MitjaNemec_ReplicateLayout.replicate_layout 991:Dst text UUid:e9a0a67e-15d8-4963-8b97-fed64ad6f8e4
03-29 12:28:21 com_github_MitjaNemec_ReplicateLayout.replicate_layout 990:Src text UUid:95d40e48-9996-43a3-ad15-3f08440eed32
03-29 12:28:21 com_github_MitjaNemec_ReplicateLayout.replicate_layout 991:Dst text UUid:bddb25a5-1e33-4475-9d2b-c03ae22e4d76
03-29 12:28:21 com_github_MitjaNemec_ReplicateLayout.replicate_layout 888:Replicating footprint: 'R7'
03-29 12:28:21 com_github_MitjaNemec_ReplicateLayout.replicate_layout 835:Src fp.id: 'BA30B8FB-AC34-40AE-B130-1566A775C647'
03-29 12:28:21 com_github_MitjaNemec_ReplicateLayout.replicate_layout 839:Dst fp.id: 'BA30B8FB-AC34-40AE-B130-1566A775C647'
03-29 12:28:21 com_github_MitjaNemec_ReplicateLayout.replicate_layout 895:found match in dst footprint: 'R2'
03-29 12:28:21 com_github_MitjaNemec_ReplicateLayout.replicate_layout 990:Src text UUid:2e27b192-dd18-426c-9097-c9a71944fd78
03-29 12:28:21 com_github_MitjaNemec_ReplicateLayout.replicate_layout 991:Dst text UUid:f232daaf-1fe6-4ae7-be69-134fd2673743
03-29 12:28:21 com_github_MitjaNemec_ReplicateLayout.replicate_layout 990:Src text UUid:3db6b2a6-5903-438c-885d-84eaebbd4c5a
03-29 12:28:21 com_github_MitjaNemec_ReplicateLayout.replicate_layout 991:Dst text UUid:02f45e6b-a32c-4eab-b008-f8f1771178aa
03-29 12:28:21 com_github_MitjaNemec_ReplicateLayout.replicate_layout 990:Src text UUid:f60382c7-f169-48bf-84e1-2bf8358c1c7e
03-29 12:28:21 com_github_MitjaNemec_ReplicateLayout.replicate_layout 991:Dst text UUid:dca6365c-1377-47f0-8757-45ddc324ec28
03-29 12:28:21 com_github_MitjaNemec_ReplicateLayout.replicate_layout 888:Replicating footprint: 'R1'
03-29 12:28:21 com_github_MitjaNemec_ReplicateLayout.replicate_layout 835:Src fp.id: '00FF054F-FDA0-46AD-A2CB-9C36E11DFF3F'
03-29 12:28:21 com_github_MitjaNemec_ReplicateLayout.replicate_layout 839:Dst fp.id: '00FF054F-FDA0-46AD-A2CB-9C36E11DFF3F'
03-29 12:28:21 com_github_MitjaNemec_ReplicateLayout.replicate_layout 895:found match in dst footprint: 'R5'
03-29 12:28:21 com_github_MitjaNemec_ReplicateLayout.replicate_layout 990:Src text UUid:25230b83-bd65-4fc9-8b18-6df49248d091
03-29 12:28:21 com_github_MitjaNemec_ReplicateLayout.replicate_layout 991:Dst text UUid:bc74499e-87db-4e45-b6d5-4934e088c669
03-29 12:28:21 com_github_MitjaNemec_ReplicateLayout.replicate_layout 990:Src text UUid:224914bd-015b-47b6-b26f-8b277d2ce531
03-29 12:28:21 com_github_MitjaNemec_ReplicateLayout.replicate_layout 991:Dst text UUid:b581c547-c9ce-4f14-ae97-41f828994d47
03-29 12:28:21 com_github_MitjaNemec_ReplicateLayout.replicate_layout 990:Src text UUid:18be0e39-4d17-4f74-8717-5d094a95e46f
03-29 12:28:21 com_github_MitjaNemec_ReplicateLayout.replicate_layout 991:Dst text UUid:3994b616-8a32-4eee-b217-7d9877a7b2a3
03-29 12:28:21 com_github_MitjaNemec_ReplicateLayout.replicate_layout 888:Replicating footprint: 'J3'
03-29 12:28:21 com_github_MitjaNemec_ReplicateLayout.replicate_layout 835:Src fp.id: '6F0A6738-462C-49CD-A5D5-F7E47C113BE9'
03-29 12:28:21 com_github_MitjaNemec_ReplicateLayout.replicate_layout 839:Dst fp.id: '6F0A6738-462C-49CD-A5D5-F7E47C113BE9'
03-29 12:28:21 com_github_MitjaNemec_ReplicateLayout.replicate_layout 895:found match in dst footprint: 'J2'
03-29 12:28:21 com_github_MitjaNemec_ReplicateLayout.replicate_layout 990:Src text UUid:3e8d97a1-1422-4109-b5aa-07355f81a65f
03-29 12:28:21 com_github_MitjaNemec_ReplicateLayout.replicate_layout 991:Dst text UUid:edf51264-6c34-480e-b248-5b8070ed2cc3
03-29 12:28:21 com_github_MitjaNemec_ReplicateLayout.replicate_layout 990:Src text UUid:73734300-2923-413b-9884-ca124d64e410
03-29 12:28:21 com_github_MitjaNemec_ReplicateLayout.replicate_layout 991:Dst text UUid:6340b0a0-cad7-4678-bafc-ddeb6148d505
03-29 12:28:21 com_github_MitjaNemec_ReplicateLayout.replicate_layout 888:Replicating footprint: 'J1'
03-29 12:28:21 com_github_MitjaNemec_ReplicateLayout.replicate_layout 835:Src fp.id: 'EAFC70C0-AAC4-4952-9D34-676F13999E6E'
03-29 12:28:21 com_github_MitjaNemec_ReplicateLayout.replicate_layout 839:Dst fp.id: 'EAFC70C0-AAC4-4952-9D34-676F13999E6E'
03-29 12:28:21 com_github_MitjaNemec_ReplicateLayout.replicate_layout 895:found match in dst footprint: 'J4'
03-29 12:28:21 com_github_MitjaNemec_ReplicateLayout.replicate_layout 990:Src text UUid:54d49f02-eb57-45e8-abe0-e67744a2d027
03-29 12:28:21 com_github_MitjaNemec_ReplicateLayout.replicate_layout 991:Dst text UUid:0badcdeb-bb71-4b3a-9947-2a86c6e6f818
03-29 12:28:21 com_github_MitjaNemec_ReplicateLayout.replicate_layout 990:Src text UUid:6b96e385-0ad6-442c-8ec3-1cd13a0aef7b
03-29 12:28:21 com_github_MitjaNemec_ReplicateLayout.replicate_layout 991:Dst text UUid:8582cf7f-da62-4e20-b875-dd9aa4503dfa
03-29 12:28:21 com_github_MitjaNemec_ReplicateLayout.replicate_layout 888:Replicating footprint: 'D3'
03-29 12:28:21 com_github_MitjaNemec_ReplicateLayout.replicate_layout 835:Src fp.id: '5FEA7A22'
03-29 12:28:21 com_github_MitjaNemec_ReplicateLayout.replicate_layout 839:Dst fp.id: '5FEA7A22'
03-29 12:28:21 com_github_MitjaNemec_ReplicateLayout.replicate_layout 895:found match in dst footprint: 'D2'
03-29 12:28:21 com_github_MitjaNemec_ReplicateLayout.replicate_layout 990:Src text UUid:b572214c-7884-48ea-8501-bd77f1427404
03-29 12:28:21 com_github_MitjaNemec_ReplicateLayout.replicate_layout 991:Dst text UUid:e985e4ed-42d7-49d3-90ff-edd4735793e2
03-29 12:28:21 com_github_MitjaNemec_ReplicateLayout.replicate_layout 990:Src text UUid:f1b00615-bb7f-4ff9-b702-11cc1173b9a4
03-29 12:28:21 com_github_MitjaNemec_ReplicateLayout.replicate_layout 991:Dst text UUid:a98115c9-7802-484e-9c40-ffddab94317b
03-29 12:28:21 com_github_MitjaNemec_ReplicateLayout.replicate_layout 990:Src text UUid:18a8e1e3-845b-40eb-81f6-b1c7d3170f6b
03-29 12:28:21 com_github_MitjaNemec_ReplicateLayout.replicate_layout 991:Dst text UUid:4debd913-7d97-4730-9bb5-c989ba12f2a2
03-29 12:28:21 root 340:updating GUI message: 'Replicating tracks'
03-29 12:28:21 com_github_MitjaNemec_ReplicateLayout.replicate_layout 1014:Replicating tracks
03-29 12:28:21 root 345:updating GUI with: 0
03-29 12:28:21 com_github_MitjaNemec_ReplicateLayout.replicate_layout 1020:Replicating tracks on sheet ['/channel1/']
03-29 12:28:21 com_github_MitjaNemec_ReplicateLayout.replicate_layout 835:Src fp.id: '1636C8AD-AAB4-44DC-8B22-5EAE2F024B1B'
03-29 12:28:21 com_github_MitjaNemec_ReplicateLayout.replicate_layout 839:Dst fp.id: '1636C8AD-AAB4-44DC-8B22-5EAE2F024B1B'
03-29 12:28:21 com_github_MitjaNemec_ReplicateLayout.replicate_layout 792:Net pairs for sheet ['/channel1/'] :[('Net-(D3-Pad3)', 'Net-(D2-Pad3)'), ('Net-(J1-Pin_1)', 'Net-(J4-Pin_1)'), ('V-REF', 'V-REF'), ('Net-(U1B--)', 'Net-(U2B--)'), ('Net-(U1B-+)', 'Net-(U2B-+)'), ('Net-(J3-Pin_1)', 'Net-(J2-Pin_1)'), ('+5V', '+5V'), ('Net-(U1A-+)', 'Net-(U2A-+)'), ('-5V', '-5V'), ('GND', 'GND'), ('Net-(U1A--)', 'Net-(U2A--)')]
03-29 12:28:21 root 340:updating GUI message: 'Replicating zones'
03-29 12:28:21 com_github_MitjaNemec_ReplicateLayout.replicate_layout 1084:Replicating zones
03-29 12:28:21 com_github_MitjaNemec_ReplicateLayout.replicate_layout 1091:Replicating zones on sheet ['/channel1/']
03-29 12:28:21 com_github_MitjaNemec_ReplicateLayout.replicate_layout 835:Src fp.id: '1636C8AD-AAB4-44DC-8B22-5EAE2F024B1B'
03-29 12:28:21 com_github_MitjaNemec_ReplicateLayout.replicate_layout 839:Dst fp.id: '1636C8AD-AAB4-44DC-8B22-5EAE2F024B1B'
03-29 12:28:21 com_github_MitjaNemec_ReplicateLayout.replicate_layout 792:Net pairs for sheet ['/channel1/'] :[('Net-(D3-Pad3)', 'Net-(D2-Pad3)'), ('Net-(J1-Pin_1)', 'Net-(J4-Pin_1)'), ('V-REF', 'V-REF'), ('Net-(U1B--)', 'Net-(U2B--)'), ('Net-(U1B-+)', 'Net-(U2B-+)'), ('Net-(J3-Pin_1)', 'Net-(J2-Pin_1)'), ('+5V', '+5V'), ('Net-(U1A-+)', 'Net-(U2A-+)'), ('-5V', '-5V'), ('GND', 'GND'), ('Net-(U1A--)', 'Net-(U2A--)')]
03-29 12:28:21 root 340:updating GUI message: 'Replicating text'
03-29 12:28:21 root 345:updating GUI with: 0
03-29 12:28:21 com_github_MitjaNemec_ReplicateLayout.replicate_layout 1173:Replicating text
03-29 12:28:21 com_github_MitjaNemec_ReplicateLayout.replicate_layout 1180:Replicating text on sheet ['/channel1/']
03-29 12:28:21 com_github_MitjaNemec_ReplicateLayout.replicate_layout 835:Src fp.id: '1636C8AD-AAB4-44DC-8B22-5EAE2F024B1B'
03-29 12:28:21 com_github_MitjaNemec_ReplicateLayout.replicate_layout 839:Dst fp.id: '1636C8AD-AAB4-44DC-8B22-5EAE2F024B1B'
03-29 12:28:21 root 340:updating GUI message: 'Replicating drawings'
03-29 12:28:21 com_github_MitjaNemec_ReplicateLayout.replicate_layout 1224:Replicating drawings
03-29 12:28:21 com_github_MitjaNemec_ReplicateLayout.replicate_layout 1230:Replicating drawings on sheet ['/channel1/']
03-29 12:28:21 com_github_MitjaNemec_ReplicateLayout.replicate_layout 835:Src fp.id: '1636C8AD-AAB4-44DC-8B22-5EAE2F024B1B'
03-29 12:28:21 com_github_MitjaNemec_ReplicateLayout.replicate_layout 839:Dst fp.id: '1636C8AD-AAB4-44DC-8B22-5EAE2F024B1B'
03-29 12:28:21 com_github_MitjaNemec_ReplicateLayout.action_replicate_layout 264:Replication complete
